Component: ARM Compiler 5.06 update 6 (build 750) Tool: armlink [4d35ed]

==============================================================================

Section Cross References

    startup_stm32f407xx.o(RESET) refers to startup_stm32f407xx.o(STACK) for __initial_sp
    startup_stm32f407xx.o(RESET) refers to startup_stm32f407xx.o(.text) for Reset_Handler
    startup_stm32f407xx.o(RESET) refers to stm32f4xx_it.o(i.NMI_Handler) for NMI_Handler
    startup_stm32f407xx.o(RESET) refers to context_rvds.o(.text) for HardFault_Handler
    startup_stm32f407xx.o(RESET) refers to stm32f4xx_it.o(i.MemManage_Handler) for MemManage_Handler
    startup_stm32f407xx.o(RESET) refers to stm32f4xx_it.o(i.BusFault_Handler) for BusFault_Handler
    startup_stm32f407xx.o(RESET) refers to stm32f4xx_it.o(i.UsageFault_Handler) for UsageFault_Handler
    startup_stm32f407xx.o(RESET) refers to stm32f4xx_it.o(i.SVC_Handler) for SVC_Handler
    startup_stm32f407xx.o(RESET) refers to stm32f4xx_it.o(i.DebugMon_Handler) for DebugMon_Handler
    startup_stm32f407xx.o(RESET) refers to board.o(i.SysTick_Handler) for SysTick_Handler
    startup_stm32f407xx.o(.text) refers to system_stm32f4xx.o(i.SystemInit) for SystemInit
    startup_stm32f407xx.o(.text) refers to entry.o(.ARM.Collect$$$$00000000) for __main
    main.o(i.SystemClock_Config) refers to memseta.o(.text) for __aeabi_memclr4
    main.o(i.SystemClock_Config) refers to stm32f4xx_hal_rcc.o(i.HAL_RCC_OscConfig) for HAL_RCC_OscConfig
    main.o(i.SystemClock_Config) refers to stm32f4xx_hal_rcc.o(i.HAL_RCC_ClockConfig) for HAL_RCC_ClockConfig
    main.o(i.led_thread_entry) refers to gpio.o(i.MX_GPIO_Init) for MX_GPIO_Init
    main.o(i.led_thread_entry) refers to stm32f4xx_hal_gpio.o(i.HAL_GPIO_WritePin) for HAL_GPIO_WritePin
    main.o(i.led_thread_entry) refers to thread.o(i.rt_thread_mdelay) for rt_thread_mdelay
    main.o(i.main) refers to thread.o(i.rt_thread_init) for rt_thread_init
    main.o(i.main) refers to thread.o(i.rt_thread_startup) for rt_thread_startup
    main.o(i.main) refers to main.o(.bss) for .bss
    main.o(i.main) refers to main.o(i.oled_thread_entry) for oled_thread_entry
    main.o(i.main) refers to main.o(i.led_thread_entry) for led_thread_entry
    main.o(i.main) refers to main.o(i.uart_thread_entry) for uart_thread_entry
    main.o(i.oled_thread_entry) refers to oled_i2c.o(i.I2C_Configuration) for I2C_Configuration
    main.o(i.oled_thread_entry) refers to oled_i2c.o(i.OLED_Init) for OLED_Init
    main.o(i.oled_thread_entry) refers to oled_i2c.o(i.OLED_Fill) for OLED_Fill
    main.o(i.oled_thread_entry) refers to memcpya.o(.text) for __aeabi_memcpy4
    main.o(i.oled_thread_entry) refers to oled_i2c.o(i.OLED_ShowStr) for OLED_ShowStr
    main.o(i.oled_thread_entry) refers to thread.o(i.rt_thread_mdelay) for rt_thread_mdelay
    main.o(i.uart_thread_entry) refers to usart.o(i.MX_USART1_UART_Init) for MX_USART1_UART_Init
    main.o(i.uart_thread_entry) refers to main.o(i.frame_prase) for frame_prase
    main.o(i.uart_thread_entry) refers to printf1.o(i.__0printf$1) for __2printf
    main.o(i.uart_thread_entry) refers to printf1.o(i.__0sprintf$1) for __2sprintf
    main.o(i.uart_thread_entry) refers to oled_i2c.o(i.OLED_ShowStr) for OLED_ShowStr
    main.o(i.uart_thread_entry) refers to thread.o(i.rt_thread_mdelay) for rt_thread_mdelay
    gpio.o(i.MX_GPIO_Init) refers to memseta.o(.text) for __aeabi_memclr4
    gpio.o(i.MX_GPIO_Init) refers to stm32f4xx_hal_gpio.o(i.HAL_GPIO_WritePin) for HAL_GPIO_WritePin
    gpio.o(i.MX_GPIO_Init) refers to stm32f4xx_hal_gpio.o(i.HAL_GPIO_Init) for HAL_GPIO_Init
    i2c.o(i.HAL_I2C_MspDeInit) refers to stm32f4xx_hal_gpio.o(i.HAL_GPIO_DeInit) for HAL_GPIO_DeInit
    i2c.o(i.HAL_I2C_MspInit) refers to memseta.o(.text) for __aeabi_memclr4
    i2c.o(i.HAL_I2C_MspInit) refers to stm32f4xx_hal_gpio.o(i.HAL_GPIO_Init) for HAL_GPIO_Init
    i2c.o(i.MX_I2C1_Init) refers to stm32f4xx_hal_i2c.o(i.HAL_I2C_Init) for HAL_I2C_Init
    i2c.o(i.MX_I2C1_Init) refers to main.o(i.Error_Handler) for Error_Handler
    i2c.o(i.MX_I2C1_Init) refers to i2c.o(.bss) for .bss
    sdio.o(i.HAL_SD_MspDeInit) refers to stm32f4xx_hal_gpio.o(i.HAL_GPIO_DeInit) for HAL_GPIO_DeInit
    sdio.o(i.HAL_SD_MspInit) refers to memseta.o(.text) for __aeabi_memclr4
    sdio.o(i.HAL_SD_MspInit) refers to stm32f4xx_hal_gpio.o(i.HAL_GPIO_Init) for HAL_GPIO_Init
    sdio.o(i.MX_SDIO_SD_Init) refers to stm32f4xx_hal_sd.o(i.HAL_SD_Init) for HAL_SD_Init
    sdio.o(i.MX_SDIO_SD_Init) refers to main.o(i.Error_Handler) for Error_Handler
    sdio.o(i.MX_SDIO_SD_Init) refers to stm32f4xx_hal_sd.o(i.HAL_SD_ConfigWideBusOperation) for HAL_SD_ConfigWideBusOperation
    sdio.o(i.MX_SDIO_SD_Init) refers to sdio.o(.bss) for .bss
    usart.o(i.HAL_UART_MspDeInit) refers to stm32f4xx_hal_gpio.o(i.HAL_GPIO_DeInit) for HAL_GPIO_DeInit
    usart.o(i.HAL_UART_MspInit) refers to memseta.o(.text) for __aeabi_memclr4
[...]
    Removing stm32f4xx_hal_exti.o(.revsh_text), (4 bytes).
    Removing stm32f4xx_hal_exti.o(.rrx_text), (6 bytes).
    Removing stm32f4xx_hal_exti.o(i.HAL_EXTI_ClearConfigLine), (108 bytes).
    Removing stm32f4xx_hal_exti.o(i.HAL_EXTI_ClearPending), (20 bytes).
    Removing stm32f4xx_hal_exti.o(i.HAL_EXTI_GenerateSWI), (20 bytes).
    Removing stm32f4xx_hal_exti.o(i.HAL_EXTI_GetConfigLine), (156 bytes).
    Removing stm32f4xx_hal_exti.o(i.HAL_EXTI_GetHandle), (12 bytes).
    Removing stm32f4xx_hal_exti.o(i.HAL_EXTI_GetPending), (24 bytes).
    Removing stm32f4xx_hal_exti.o(i.HAL_EXTI_IRQHandler), (36 bytes).
    Removing stm32f4xx_hal_exti.o(i.HAL_EXTI_RegisterCallback), (14 bytes).
    Removing stm32f4xx_hal_exti.o(i.HAL_EXTI_SetConfigLine), (168 bytes).
    Removing system_stm32f4xx.o(.rev16_text), (4 bytes).
    Removing system_stm32f4xx.o(.revsh_text), (4 bytes).
    Removing system_stm32f4xx.o(.rrx_text), (6 bytes).
    Removing oled_i2c.o(.rev16_text), (4 bytes).
    Removing oled_i2c.o(.revsh_text), (4 bytes).
    Removing oled_i2c.o(.rrx_text), (6 bytes).
    Removing oled_i2c.o(i.I2C_WriteByte), (36 bytes).
    Removing oled_i2c.o(i.OLED_CLS), (6 bytes).
    Removing oled_i2c.o(i.OLED_DrawBMP), (62 bytes).
    Removing oled_i2c.o(i.OLED_OFF), (24 bytes).
    Removing oled_i2c.o(i.OLED_ON), (24 bytes).
    Removing oled_i2c.o(i.OLED_ShowCN), (72 bytes).
    Removing oled_i2c.o(.data), (160 bytes).
    Removing oled_i2c.o(.data), (1024 bytes).
    Removing clock.o(i.rt_system_tick_init), (2 bytes).
    Removing clock.o(i.rt_tick_set), (24 bytes).
    Removing idle.o(i.rt_thread_idle_gethandler), (8 bytes).
    Removing ipc.o(i.rt_ipc_list_resume_all), (44 bytes).
    Removing ipc.o(i.rt_list_insert_before), (14 bytes).
    Removing ipc.o(i.rt_sem_control), (46 bytes).
    Removing ipc.o(i.rt_sem_detach), (20 bytes).
    Removing ipc.o(i.rt_sem_init), (36 bytes).
    Removing ipc.o(i.rt_sem_release), (54 bytes).
    Removing ipc.o(i.rt_sem_take), (174 bytes).
    Removing ipc.o(i.rt_sem_trytake), (6 bytes).
    Removing irq.o(i.rt_interrupt_get_nest), (12 bytes).
    Removing kservice.o(i._rt_errno), (28 bytes).
    Removing kservice.o(i.rt_get_errno), (28 bytes).
    Removing kservice.o(i.rt_kputs), (12 bytes).
    Removing kservice.o(i.rt_memcmp), (28 bytes).
    Removing kservice.o(i.rt_memcpy), (74 bytes).
    Removing kservice.o(i.rt_memmove), (50 bytes).
    Removing kservice.o(i.rt_set_errno), (32 bytes).
    Removing kservice.o(i.rt_snprintf), (18 bytes).
    Removing kservice.o(i.rt_sprintf), (18 bytes).
    Removing kservice.o(i.rt_strcasecmp), (44 bytes).
    Removing kservice.o(i.rt_strcmp), (24 bytes).
    Removing kservice.o(i.rt_strncmp), (32 bytes).
    Removing kservice.o(i.rt_strnlen), (20 bytes).
    Removing kservice.o(i.rt_strstr), (54 bytes).
    Removing kservice.o(i.rt_vsprintf), (12 bytes).
    Removing kservice.o(.data), (4 bytes).
    Removing object.o(i.rt_object_find), (76 bytes).
    Removing object.o(i.rt_object_get_type), (8 bytes).
    Removing object.o(i.rt_system_object_init), (2 bytes).
    Removing scheduler.o(i.rt_critical_level), (12 bytes).
    Removing thread.o(i.rt_thread_control), (88 bytes).
    Removing thread.o(i.rt_thread_delay), (4 bytes).
    Removing thread.o(i.rt_thread_detach), (84 bytes).
    Removing thread.o(i.rt_thread_find), (84 bytes).
    Removing timer.o(i.rt_timer_next_timeout_tick), (24 bytes).
    Removing cpuport.o(i.rt_hw_cpu_reset), (16 bytes).
    Removing cpuport.o(i.rt_hw_cpu_shutdown), (24 bytes).
    Removing cpuport.o(i.rt_hw_exception_install), (12 bytes).
    Removing dadd.o(.text), (334 bytes).
    Removing dmul.o(.text), (228 bytes).
    Removing ddiv.o(.text), (222 bytes).
    Removing dfixul.o(.text), (48 bytes).
    Removing cdrcmple.o(.text), (48 bytes).
    Removing depilogue.o(.text), (186 bytes).

490 unused section(s) (total 39396 bytes) removed from the image.

==============================================================================

Image Symbol Table

    Local Symbols

    Symbol Name                              Value     Ov Type        Size  Object(Section)

    ../Drivers/STM32F4xx_HAL_Driver/Src/stm32f4xx_hal.c 0x00000000   Number         0  stm32f4xx_hal.o ABSOLUTE
    ../Drivers/STM32F4xx_HAL_Driver/Src/stm32f4xx_hal_cortex.c 0x00000000   Number         0  stm32f4xx_hal_cortex.o ABSOLUTE
    ../Drivers/STM32F4xx_HAL_Driver/Src/stm32f4xx_hal_dma.c 0x00000000   Number         0  stm32f4xx_hal_dma.o ABSOLUTE
    ../Drivers/STM32F4xx_HAL_Driver/Src/stm32f4xx_hal_dma_ex.c 0x00000000   Number         0  stm32f4xx_hal_dma_ex.o ABSOLUTE
    ../Drivers/STM32F4xx_HAL_Driver/Src/stm32f4xx_hal_exti.c 0x00000000   Number         0  stm32f4xx_hal_exti.o ABSOLUTE
    ../Drivers/STM32F4xx_HAL_Driver/Src/stm32f4xx_hal_flash.c 0x00000000   Number         0  stm32f4xx_hal_flash.o ABSOLUTE
    ../Drivers/STM32F4xx_HAL_Driver/Src/stm32f4xx_hal_flash_ex.c 0x00000000   Number         0  stm32f4xx_hal_flash_ex.o ABSOLUTE
    ../Drivers/STM32F4xx_HAL_Driver/Src/stm32f4xx_hal_flash_ramfunc.c 0x00000000   Number         0  stm32f4xx_hal_flash_ramfunc.o ABSOLUTE
    ../Drivers/STM32F4xx_HAL_Driver/Src/stm32f4xx_hal_gpio.c 0x00000000   Number         0  stm32f4xx_hal_gpio.o ABSOLUTE
    ../Drivers/STM32F4xx_HAL_Driver/Src/stm32f4xx_hal_i2c.c 0x00000000   Number         0  stm32f4xx_hal_i2c.o ABSOLUTE
    ../Drivers/STM32F4xx_HAL_Driver/Src/stm32f4xx_hal_i2c_ex.c 0x00000000   Number         0  stm32f4xx_hal_i2c_ex.o ABSOLUTE
    ../Drivers/STM32F4xx_HAL_Driver/Src/stm32f4xx_hal_pwr.c 0x00000000   Number         0  stm32f4xx_hal_pwr.o ABSOLUTE
    ../Drivers/STM32F4xx_HAL_Driver/Src/stm32f4xx_hal_pwr_ex.c 0x00000000   Number         0  stm32f4xx_hal_pwr_ex.o ABSOLUTE
    ../Drivers/STM32F4xx_HAL_Driver/Src/stm32f4xx_hal_rcc.c 0x00000000   Number         0  stm32f4xx_hal_rcc.o ABSOLUTE
    ../Drivers/STM32F4xx_HAL_Driver/Src/stm32f4xx_hal_rcc_ex.c 0x00000000   Number         0  stm32f4xx_hal_rcc_ex.o ABSOLUTE
    ../Drivers/STM32F4xx_HAL_Driver/Src/stm32f4xx_hal_sd.c 0x00000000   Number         0  stm32f4xx_hal_sd.o ABSOLUTE
    ../Drivers/STM32F4xx_HAL_Driver/Src/stm32f4xx_hal_tim.c 0x00000000   Number         0  stm32f4xx_hal_tim.o ABSOLUTE
    ../Drivers/STM32F4xx_HAL_Driver/Src/stm32f4xx_hal_tim_ex.c 0x00000000   Number         0  stm32f4xx_hal_tim_ex.o ABSOLUTE
    ../Drivers/STM32F4xx_HAL_Driver/Src/stm32f4xx_hal_uart.c 0x00000000   Number         0  stm32f4xx_hal_uart.o ABSOLUTE
    ../Drivers/STM32F4xx_HAL_Driver/Src/stm32f4xx_ll_sdmmc.c 0x00000000   Number         0  stm32f4xx_ll_sdmmc.o ABSOLUTE
    ../Middlewares/Third_Party/RT-Thread/bsp/board.c 0x00000000   Number         0  board.o ABSOLUTE
    ../Middlewares/Third_Party/RT-Thread/libcpu/arm/cortex-m4/context_rvds.S 0x00000000   Number         0  context_rvds.o ABSOLUTE
    ../Middlewares/Third_Party/RT-Thread/libcpu/arm/cortex-m4/cpuport.c 0x00000000   Number         0  cpuport.o ABSOLUTE
    ../Middlewares/Third_Party/RT-Thread/src/clock.c 0x00000000   Number         0  clock.o ABSOLUTE
    ../Middlewares/Third_Party/RT-Thread/src/components.c 0x00000000   Number         0  components.o ABSOLUTE
    ../Middlewares/Third_Party/RT-Thread/src/idle.c 0x00000000   Number         0  idle.o ABSOLUTE
    ../Middlewares/Third_Party/RT-Thread/src/ipc.c 0x00000000   Number         0  ipc.o ABSOLUTE
    ../Middlewares/Third_Party/RT-Thread/src/irq.c 0x00000000   Number         0  irq.o ABSOLUTE
    ../Middlewares/Third_Party/RT-Thread/src/kservice.c 0x00000000   Number         0  kservice.o ABSOLUTE
    ../Middlewares/Third_Party/RT-Thread/src/mem.c 0x00000000   Number         0  mem.o ABSOLUTE
    ../Middlewares/Third_Party/RT-Thread/src/object.c 0x00000000   Number         0  object.o ABSOLUTE
    ../Middlewares/Third_Party/RT-Thread/src/scheduler.c 0x00000000   Number         0  scheduler.o ABSOLUTE
    ../Middlewares/Third_Party/RT-Thread/src/thread.c 0x00000000   Number         0  thread.o ABSOLUTE
    ../Middlewares/Third_Party/RT-Thread/src/timer.c 0x00000000   Number         0  timer.o ABSOLUTE
    ../Src/app_rtthread.c                    0x00000000   Number         0  app_rtthread.o ABSOLUTE
    ../Src/gpio.c                            0x00000000   Number         0  gpio.o ABSOLUTE
    ../Src/i2c.c                             0x00000000   Number         0  i2c.o ABSOLUTE
    ../Src/main.c                            0x00000000   Number         0  main.o ABSOLUTE
    ../Src/sdio.c                            0x00000000   Number         0  sdio.o ABSOLUTE
    ../Src/stm32f4xx_hal_msp.c               0x00000000   Number         0  stm32f4xx_hal_msp.o ABSOLUTE
    ../Src/stm32f4xx_it.c                    0x00000000   Number         0  stm32f4xx_it.o ABSOLUTE
    ../Src/system_stm32f4xx.c                0x00000000   Number         0  system_stm32f4xx.o ABSOLUTE
    ../Src/usart.c                           0x00000000   Number         0  usart.o ABSOLUTE
    ../clib/microlib/division.c              0x00000000   Number         0  uidiv.o ABSOLUTE
    ../clib/microlib/division.c              0x00000000   Number         0  uldiv.o ABSOLUTE
    ../clib/microlib/init/entry.s            0x00000000   Number         0  entry9b.o ABSOLUTE
    ../clib/microlib/init/entry.s            0x00000000   Number         0  entry10b.o ABSOLUTE
    ../clib/microlib/init/entry.s            0x00000000   Number         0  entry9a.o ABSOLUTE
    ../clib/microlib/init/entry.s            0x00000000   Number         0  entry11b.o ABSOLUTE
    ../clib/microlib/init/entry.s            0x00000000   Number         0  entry8a.o ABSOLUTE
    ../clib/microlib/init/entry.s            0x00000000   Number         0  entry2.o ABSOLUTE
    ../clib/microlib/init/entry.s            0x00000000   Number         0  entry7b.o ABSOLUTE
    ../clib/microlib/init/entry.s            0x00000000   Number         0  entry7a.o ABSOLUTE
    ../clib/microlib/init/entry.s            0x00000000   Number         0  entry5.o ABSOLUTE
    ../clib/microlib/init/entry.s            0x00000000   Number         0  entry8b.o ABSOLUTE
    ../clib/microlib/init/entry.s            0x00000000   Number         0  entry.o ABSOLUTE
    ../clib/microlib/init/entry.s            0x00000000   Number         0  entry10a.o ABSOLUTE
    ../clib/microlib/init/entry.s            0x00000000   Number         0  entry11a.o ABSOLUTE
    ../clib/microlib/longlong.c              0x00000000   Number         0  llsshr.o ABSOLUTE
    ../clib/microlib/longlong.c              0x00000000   Number         0  llshl.o ABSOLUTE
    ../clib/microlib/longlong.c              0x00000000   Number         0  llushr.o ABSOLUTE
    ../clib/microlib/printf/printf.c         0x00000000   Number         0  printf2.o ABSOLUTE
    ../clib/microlib/printf/printf.c         0x00000000   Number         0  printf3.o ABSOLUTE
    ../clib/microlib/printf/printf.c         0x00000000   Number         0  printfb.o ABSOLUTE
    ../clib/microlib/printf/printf.c         0x00000000   Number         0  printf8.o ABSOLUTE
    ../clib/microlib/printf/printf.c         0x00000000   Number         0  printf4.o ABSOLUTE
    ../clib/microlib/printf/printf.c         0x00000000   Number         0  printf5.o ABSOLUTE
    ../clib/microlib/printf/printf.c         0x00000000   Number         0  printf7.o ABSOLUTE
    ../clib/microlib/printf/printf.c         0x00000000   Number         0  printf6.o ABSOLUTE
    ../clib/microlib/printf/printf.c         0x00000000   Number         0  printf1.o ABSOLUTE
    ../clib/microlib/printf/printf.c         0x00000000   Number         0  printf0.o ABSOLUTE
    ../clib/microlib/printf/printf.c         0x00000000   Number         0  printfa.o ABSOLUTE
    ../clib/microlib/printf/stubs.s          0x00000000   Number         0  stubs.o ABSOLUTE
    ../clib/microlib/stdio/streams.c         0x00000000   Number         0  stdout.o ABSOLUTE
    ../clib/microlib/string/memcpy.c         0x00000000   Number         0  memcpyb.o ABSOLUTE
    ../clib/microlib/string/memcpy.c         0x00000000   Number         0  memcpya.o ABSOLUTE
    ../clib/microlib/string/memset.c         0x00000000   Number         0  memseta.o ABSOLUTE
    ../clib/microlib/stubs.s                 0x00000000   Number         0  iusefp.o ABSOLUTE
    ../fplib/microlib/fpadd.c                0x00000000   Number         0  dadd.o ABSOLUTE
    ../fplib/microlib/fpdiv.c                0x00000000   Number         0  ddiv.o ABSOLUTE
    ../fplib/microlib/fpepilogue.c           0x00000000   Number         0  depilogue.o ABSOLUTE
    ../fplib/microlib/fpfix.c                0x00000000   Number         0  dfixul.o ABSOLUTE
    ../fplib/microlib/fpmul.c                0x00000000   Number         0  dmul.o ABSOLUTE
    ..\Drivers\STM32F4xx_HAL_Driver\Src\stm32f4xx_hal.c 0x00000000   Number         0  stm32f4xx_hal.o ABSOLUTE
    ..\Drivers\STM32F4xx_HAL_Driver\Src\stm32f4xx_hal_cortex.c 0x00000000   Number         0  stm32f4xx_hal_cortex.o ABSOLUTE
    ..\Drivers\STM32F4xx_HAL_Driver\Src\stm32f4xx_hal_dma.c 0x00000000   Number         0  stm32f4xx_hal_dma.o ABSOLUTE
    ..\Drivers\STM32F4xx_HAL_Driver\Src\stm32f4xx_hal_dma_ex.c 0x00000000   Number         0  stm32f4xx_hal_dma_ex.o ABSOLUTE
    ..\Drivers\STM32F4xx_HAL_Driver\Src\stm32f4xx_hal_exti.c 0x00000000   Number         0  stm32f4xx_hal_exti.o ABSOLUTE
    ..\Drivers\STM32F4xx_HAL_Driver\Src\stm32f4xx_hal_flash.c 0x00000000   Number         0  stm32f4xx_hal_flash.o ABSOLUTE
    ..\Drivers\STM32F4xx_HAL_Driver\Src\stm32f4xx_hal_flash_ex.c 0x00000000   Number         0  stm32f4xx_hal_flash_ex.o ABSOLUTE
    ..\Drivers\STM32F4xx_HAL_Driver\Src\stm32f4xx_hal_flash_ramfunc.c 0x00000000   Number         0  stm32f4xx_hal_flash_ramfunc.o ABSOLUTE
    ..\Drivers\STM32F4xx_HAL_Driver\Src\stm32f4xx_hal_gpio.c 0x00000000   Number         0  stm32f4xx_hal_gpio.o ABSOLUTE
    ..\Drivers\STM32F4xx_HAL_Driver\Src\stm32f4xx_hal_i2c.c 0x00000000   Number         0  stm32f4xx_hal_i2c.o ABSOLUTE
    ..\Drivers\STM32F4xx_HAL_Driver\Src\stm32f4xx_hal_i2c_ex.c 0x00000000   Number         0  stm32f4xx_hal_i2c_ex.o ABSOLUTE
    ..\Drivers\STM32F4xx_HAL_Driver\Src\stm32f4xx_hal_pwr.c 0x00000000   Number         0  stm32f4xx_hal_pwr.o ABSOLUTE
    ..\Drivers\STM32F4xx_HAL_Driver\Src\stm32f4xx_hal_pwr_ex.c 0x00000000   Number         0  stm32f4xx_hal_pwr_ex.o ABSOLUTE
    ..\Drivers\STM32F4xx_HAL_Driver\Src\stm32f4xx_hal_rcc.c 0x00000000   Number         0  stm32f4xx_hal_rcc.o ABSOLUTE
    ..\Drivers\STM32F4xx_HAL_Driver\Src\stm32f4xx_hal_rcc_ex.c 0x00000000   Number         0  stm32f4xx_hal_rcc_ex.o ABSOLUTE
    ..\Drivers\STM32F4xx_HAL_Driver\Src\stm32f4xx_hal_sd.c 0x00000000   Number         0  stm32f4xx_hal_sd.o ABSOLUTE
    ..\Drivers\STM32F4xx_HAL_Driver\Src\stm32f4xx_hal_tim.c 0x00000000   Number         0  stm32f4xx_hal_tim.o ABSOLUTE
    ..\Drivers\STM32F4xx_HAL_Driver\Src\stm32f4xx_hal_tim_ex.c 0x00000000   Number         0  stm32f4xx_hal_tim_ex.o ABSOLUTE
    ..\Drivers\STM32F4xx_HAL_Driver\Src\stm32f4xx_hal_uart.c 0x00000000   Number         0  stm32f4xx_hal_uart.o ABSOLUTE
    ..\Drivers\STM32F4xx_HAL_Driver\Src\stm32f4xx_ll_sdmmc.c 0x00000000   Number         0  stm32f4xx_ll_sdmmc.o ABSOLUTE
    ..\Src\gpio.c                            0x00000000   Number         0  gpio.o ABSOLUTE
    ..\Src\i2c.c                             0x00000000   Number         0  i2c.o ABSOLUTE
    ..\Src\main.c                            0x00000000   Number         0  main.o ABSOLUTE
    ..\Src\sdio.c                            0x00000000   Number         0  sdio.o ABSOLUTE
    ..\Src\stm32f4xx_hal_msp.c               0x00000000   Number         0  stm32f4xx_hal_msp.o ABSOLUTE
    ..\Src\stm32f4xx_it.c                    0x00000000   Number         0  stm32f4xx_it.o ABSOLUTE
    ..\Src\system_stm32f4xx.c                0x00000000   Number         0  system_stm32f4xx.o ABSOLUTE
    ..\Src\usart.c                           0x00000000   Number         0  usart.o ABSOLUTE
    OLED\OLED_I2C.c                          0x00000000   Number         0  oled_i2c.o ABSOLUTE
    OLED\\OLED_I2C.c                         0x00000000   Number         0  oled_i2c.o ABSOLUTE
    cdrcmple.s                               0x00000000   Number         0  cdrcmple.o ABSOLUTE
    dc.s                                     0x00000000   Number         0  dc.o ABSOLUTE
    handlers.s                               0x00000000   Number         0  handlers.o ABSOLUTE
    init.s                                   0x00000000   Number         0  init.o ABSOLUTE
    startup_stm32f407xx.s                    0x00000000   Number         0  startup_stm32f407xx.o ABSOLUTE
    RESET                                    0x08000000   Section      392  startup_stm32f407xx.o(RESET)
    .ARM.Collect$$$$00000000                 0x08000188   Section        0  entry.o(.ARM.Collect$$$$00000000)
    .ARM.Collect$$$$00000001                 0x08000188   Section        4  entry2.o(.ARM.Collect$$$$00000001)
    .ARM.Collect$$$$00000004                 0x0800018c   Section        4  entry5.o(.ARM.Collect$$$$00000004)
    .ARM.Collect$$$$00000008                 0x08000190   Section        0  entry7b.o(.ARM.Collect$$$$00000008)
    .ARM.Collect$$$$0000000A                 0x08000190   Section        0  entry8b.o(.ARM.Collect$$$$0000000A)
    .ARM.Collect$$$$0000000B                 0x08000190   Section        8  entry9a.o(.ARM.Collect$$$$0000000B)
    .ARM.Collect$$$$0000000D                 0x08000198   Section        0  entry10a.o(.ARM.Collect$$$$0000000D)
    .ARM.Collect$$$$0000000F                 0x08000198   Section        0  entry11a.o(.ARM.Collect$$$$0000000F)
    .ARM.Collect$$$$00002712                 0x08000198   Section        4  entry2.o(.ARM.Collect$$$$00002712)
    __lit__00000000                          0x08000198   Data           4  entry2.o(.ARM.Collect$$$$00002712)
    .text                                    0x0800019c   Section       36  startup_stm32f407xx.o(.text)
    $v0                                      0x0800019c   Number         0  startup_stm32f407xx.o(.text)
    .text                                    0x080001c0   Section      308  context_rvds.o(.text)
    $v0                                      0x080001c0   Number         0  context_rvds.o(.text)
    .text                                    0x080002f4   Section        0  uldiv.o(.text)
    .text                                    0x08000356   Section        0  memcpya.o(.text)
    .text                                    0x0800037a   Section        0  memseta.o(.text)
    .text                                    0x0800039e   Section        0  uidiv.o(.text)
    .text                                    0x080003ca   Section        0  llshl.o(.text)
    .text                                    0x080003e8   Section        0  llushr.o(.text)
    .text                                    0x08000408   Section       36  init.o(.text)
    i.$Sub$$main                             0x0800042c   Section        0  components.o(i.$Sub$$main)
    i.BusFault_Handler                       0x08000436   Section        0  stm32f4xx_it.o(i.BusFault_Handler)
    i.DebugMon_Handler                       0x08000438   Section        0  stm32f4xx_it.o(i.DebugMon_Handler)
    i.Error_Handler                          0x0800043a   Section        0  main.o(i.Error_Handler)
    i.HAL_GPIO_Init                          0x0800043c   Section        0  stm32f4xx_hal_gpio.o(i.HAL_GPIO_Init)
    i.HAL_GPIO_WritePin                      0x080005f4   Section        0  stm32f4xx_hal_gpio.o(i.HAL_GPIO_WritePin)
    i.HAL_GetTick                            0x08000600   Section        0  stm32f4xx_hal.o(i.HAL_GetTick)
    i.HAL_I2C_Init                           0x0800060c   Section        0  stm32f4xx_hal_i2c.o(i.HAL_I2C_Init)
    i.HAL_I2C_Mem_Write                      0x08000794   Section        0  stm32f4xx_hal_i2c.o(i.HAL_I2C_Mem_Write)
    i.HAL_I2C_MspInit                        0x080008c4   Section        0  i2c.o(i.HAL_I2C_MspInit)
    i.HAL_RCC_GetPCLK1Freq                   0x08000930   Section        0  stm32f4xx_hal_rcc.o(i.HAL_RCC_GetPCLK1Freq)
    i.HAL_RCC_GetPCLK2Freq                   0x08000950   Section        0  stm32f4xx_hal_rcc.o(i.HAL_RCC_GetPCLK2Freq)
    i.HAL_UART_Init                          0x08000970   Section        0  stm32f4xx_hal_uart.o(i.HAL_UART_Init)
    i.HAL_UART_MspInit                       0x080009d4   Section        0  usart.o(i.HAL_UART_MspInit)
    i.HAL_UART_Transmit                      0x08000a40   Section        0  stm32f4xx_hal_uart.o(i.HAL_UART_Transmit)
    i.I2C_Configuration                      0x08000afa   Section        0  oled_i2c.o(i.I2C_Configuration)
    i.I2C_IsAcknowledgeFailed                0x08000afe   Section        0  stm32f4xx_hal_i2c.o(i.I2C_IsAcknowledgeFailed)
    I2C_IsAcknowledgeFailed                  0x08000aff   Thumb Code    46  stm32f4xx_hal_i2c.o(i.I2C_IsAcknowledgeFailed)
    i.I2C_RequestMemoryWrite                 0x08000b2c   Section        0  stm32f4xx_hal_i2c.o(i.I2C_RequestMemoryWrite)
    I2C_RequestMemoryWrite                   0x08000b2d   Thumb Code   162  stm32f4xx_hal_i2c.o(i.I2C_RequestMemoryWrite)
    i.I2C_WaitOnBTFFlagUntilTimeout          0x08000bd4   Section        0  stm32f4xx_hal_i2c.o(i.I2C_WaitOnBTFFlagUntilTimeout)
    I2C_WaitOnBTFFlagUntilTimeout            0x08000bd5   Thumb Code    76  stm32f4xx_hal_i2c.o(i.I2C_WaitOnBTFFlagUntilTimeout)
    i.I2C_WaitOnFlagUntilTimeout             0x08000c20   Section        0  stm32f4xx_hal_i2c.o(i.I2C_WaitOnFlagUntilTimeout)
    I2C_WaitOnFlagUntilTimeout               0x08000c21   Thumb Code   104  stm32f4xx_hal_i2c.o(i.I2C_WaitOnFlagUntilTimeout)
    i.I2C_WaitOnMasterAddressFlagUntilTimeout 0x08000c88   Section        0  stm32f4xx_hal_i2c.o(i.I2C_WaitOnMasterAddressFlagUntilTimeout)
    I2C_WaitOnMasterAddressFlagUntilTimeout  0x08000c89   Thumb Code   150  stm32f4xx_hal_i2c.o(i.I2C_WaitOnMasterAddressFlagUntilTimeout)
    i.I2C_WaitOnTXEFlagUntilTimeout          0x08000d1e   Section        0  stm32f4xx_hal_i2c.o(i.I2C_WaitOnTXEFlagUntilTimeout)
    I2C_WaitOnTXEFlagUntilTimeout            0x08000d1f   Thumb Code    76  stm32f4xx_hal_i2c.o(i.I2C_WaitOnTXEFlagUntilTimeout)
    i.MX_GPIO_Init                           0x08000d6c   Section        0  gpio.o(i.MX_GPIO_Init)
    i.MX_I2C1_Init                           0x08000e0c   Section        0  i2c.o(i.MX_I2C1_Init)
    i.MX_USART1_UART_Init                    0x08000e4c   Section        0  usart.o(i.MX_USART1_UART_Init)
    i.MemManage_Handler                      0x08000e84   Section        0  stm32f4xx_it.o(i.MemManage_Handler)
    i.NMI_Handler                            0x08000e86   Section        0  stm32f4xx_it.o(i.NMI_Handler)
    i.OLED_Fill                              0x08000e88   Section        0  oled_i2c.o(i.OLED_Fill)
    i.OLED_Init                              0x08000ec0   Section        0  oled_i2c.o(i.OLED_Init)
    i.OLED_SetPos                            0x08000f74   Section        0  oled_i2c.o(i.OLED_SetPos)
    i.OLED_ShowStr                           0x08000f9c   Section        0  oled_i2c.o(i.OLED_ShowStr)
    i.SVC_Handler                            0x08001074   Section        0  stm32f4xx_it.o(i.SVC_Handler)
    i.SysTick_Handler                        0x08001076   Section        0  board.o(i.SysTick_Handler)
    i.SystemCoreClockUpdate                  0x08001088   Section        0  system_stm32f4xx.o(i.SystemCoreClockUpdate)
    i.SystemInit                             0x08001100   Section        0  system_stm32f4xx.o(i.SystemInit)
    i.UART_SetConfig                         0x0800111c   Section        0  stm32f4xx_hal_uart.o(i.UART_SetConfig)
    UART_SetConfig                           0x0800111d   Thumb Code   286  stm32f4xx_hal_uart.o(i.UART_SetConfig)
    i.UART_WaitOnFlagUntilTimeout            0x08001244   Section        0  stm32f4xx_hal_uart.o(i.UART_WaitOnFlagUntilTimeout)
    UART_WaitOnFlagUntilTimeout              0x08001245   Thumb Code   100  stm32f4xx_hal_uart.o(i.UART_WaitOnFlagUntilTimeout)
    i.UsageFault_Handler                     0x080012a8   Section        0  stm32f4xx_it.o(i.UsageFault_Handler)
    i.WriteCmd                               0x080012ac   Section        0  oled_i2c.o(i.WriteCmd)
    i.WriteDat                               0x080012d0   Section        0  oled_i2c.o(i.WriteDat)
    i.__0printf$1                            0x080012f4   Section        0  printf1.o(i.__0printf$1)
    i.__0sprintf$1                           0x08001314   Section        0  printf1.o(i.__0sprintf$1)
    i.__rt_ffs                               0x0800133c   Section        0  kservice.o(i.__rt_ffs)
    i.__scatterload_copy                     0x08001380   Section       14  handlers.o(i.__scatterload_copy)
    i.__scatterload_null                     0x0800138e   Section        2  handlers.o(i.__scatterload_null)
    i.__scatterload_zeroinit                 0x08001390   Section       14  handlers.o(i.__scatterload_zeroinit)
    i._has_defunct_thread                    0x080013a0   Section        0  idle.o(i._has_defunct_thread)
    _has_defunct_thread                      0x080013a1   Thumb Code    16  idle.o(i._has_defunct_thread)
    i._printf_core                           0x080013b4   Section        0  printf1.o(i._printf_core)
    _printf_core                             0x080013b5   Thumb Code   336  printf1.o(i._printf_core)
    i._rt_thread_init                        0x08001508   Section        0  thread.o(i._rt_thread_init)
    _rt_thread_init                          0x08001509   Thumb Code   118  thread.o(i._rt_thread_init)
    i._rt_timer_remove                       0x08001588   Section        0  timer.o(i._rt_timer_remove)
    _rt_timer_remove                         0x08001589   Thumb Code    18  timer.o(i._rt_timer_remove)
    i._sputc                                 0x0800159a   Section        0  printf1.o(i._sputc)
    _sputc                                   0x0800159b   Thumb Code    10  printf1.o(i._sputc)
    i.fputc                                  0x080015a4   Section        0  usart.o(i.fputc)
    i.frame_prase                            0x080015bc   Section        0  main.o(i.frame_prase)
    i.led_thread_entry                       0x080015fc   Section        0  main.o(i.led_thread_entry)
    led_thread_entry                         0x080015fd   Thumb Code    48  main.o(i.led_thread_entry)
    i.main                                   0x08001630   Section        0  main.o(i.main)
    i.main_thread_entry                      0x080016f0   Section        0  components.o(i.main_thread_entry)
    i.oled_thread_entry                      0x08001700   Section        0  main.o(i.oled_thread_entry)
    oled_thread_entry                        0x08001701   Thumb Code    50  main.o(i.oled_thread_entry)
    i.print_number                           0x0800174c   Section        0  kservice.o(i.print_number)
    print_number                             0x0800174d   Thumb Code   300  kservice.o(i.print_number)
    i.rt_application_init                    0x0800187c   Section        0  components.o(i.rt_application_init)
    i.rt_components_board_init               0x080018b8   Section        0  components.o(i.rt_components_board_init)
    i.rt_components_init                     0x080018d4   Section        0  components.o(i.rt_components_init)
    i.rt_enter_critical                      0x080018f0   Section        0  scheduler.o(i.rt_enter_critical)
    i.rt_exit_critical                       0x0800190c   Section        0  scheduler.o(i.rt_exit_critical)
    i.rt_hw_board_init                       0x08001944   Section        0  board.o(i.rt_hw_board_init)
    i.rt_hw_console_output                   0x08001984   Section        0  kservice.o(i.rt_hw_console_output)
    i.rt_hw_hard_fault_exception             0x08001988   Section        0  cpuport.o(i.rt_hw_hard_fault_exception)
    i.rt_hw_stack_init                       0x08001b98   Section        0  cpuport.o(i.rt_hw_stack_init)
    i.rt_interrupt_enter                     0x08001bd4   Section        0  irq.o(i.rt_interrupt_enter)
    i.rt_interrupt_leave                     0x08001bf0   Section        0  irq.o(i.rt_interrupt_leave)
    i.rt_kprintf                             0x08001c0c   Section        0  kservice.o(i.rt_kprintf)
    i.rt_list_insert_after                   0x08001c2c   Section        0  thread.o(i.rt_list_insert_after)
    rt_list_insert_after                     0x08001c2d   Thumb Code    14  thread.o(i.rt_list_insert_after)
    i.rt_list_insert_after                   0x08001c3a   Section        0  timer.o(i.rt_list_insert_after)
    rt_list_insert_after                     0x08001c3b   Thumb Code    14  timer.o(i.rt_list_insert_after)
    i.rt_list_remove                         0x08001c48   Section        0  thread.o(i.rt_list_remove)
    rt_list_remove                           0x08001c49   Thumb Code    18  thread.o(i.rt_list_remove)
    i.rt_memset                              0x08001c5c   Section        0  kservice.o(i.rt_memset)
    i.rt_object_detach                       0x08001ca2   Section        0  object.o(i.rt_object_detach)
    i.rt_object_get_information              0x08001cc8   Section        0  object.o(i.rt_object_get_information)
    i.rt_object_init                         0x08001cec   Section        0  object.o(i.rt_object_init)
    i.rt_object_is_systemobject              0x08001d3e   Section        0  object.o(i.rt_object_is_systemobject)
    i.rt_schedule                            0x08001d4c   Section        0  scheduler.o(i.rt_schedule)
    i.rt_schedule_insert_thread              0x08001da4   Section        0  scheduler.o(i.rt_schedule_insert_thread)
    i.rt_schedule_remove_thread              0x08001df4   Section        0  scheduler.o(i.rt_schedule_remove_thread)
    i.rt_show_version                        0x08001e3c   Section        0  kservice.o(i.rt_show_version)
    i.rt_strlen                              0x08001eec   Section        0  kservice.o(i.rt_strlen)
    i.rt_strncpy                             0x08001efc   Section        0  kservice.o(i.rt_strncpy)
    i.rt_system_scheduler_init               0x08001f24   Section        0  scheduler.o(i.rt_system_scheduler_init)
    i.rt_system_scheduler_start              0x08001f58   Section        0  scheduler.o(i.rt_system_scheduler_start)
    i.rt_system_timer_init                   0x08001f80   Section        0  timer.o(i.rt_system_timer_init)
    i.rt_system_timer_thread_init            0x08001f8c   Section        0  timer.o(i.rt_system_timer_thread_init)
    i.rt_thread_exit                         0x08001f90   Section        0  thread.o(i.rt_thread_exit)
    i.rt_thread_idle_entry                   0x08001fe8   Section        0  idle.o(i.rt_thread_idle_entry)
    rt_thread_idle_entry                     0x08001fe9   Thumb Code     6  idle.o(i.rt_thread_idle_entry)
    i.rt_thread_idle_excute                  0x08001ff0   Section        0  idle.o(i.rt_thread_idle_excute)
    i.rt_thread_idle_init                    0x0800205c   Section        0  idle.o(i.rt_thread_idle_init)
    i.rt_thread_init                         0x08002094   Section        0  thread.o(i.rt_thread_init)
    i.rt_thread_mdelay                       0x080020c4   Section        0  thread.o(i.rt_thread_mdelay)
    i.rt_thread_resume                       0x080020d2   Section        0  thread.o(i.rt_thread_resume)
    i.rt_thread_self                         0x08002110   Section        0  thread.o(i.rt_thread_self)
    i.rt_thread_sleep                        0x0800211c   Section        0  thread.o(i.rt_thread_sleep)
    i.rt_thread_startup                      0x0800215c   Section        0  thread.o(i.rt_thread_startup)
    i.rt_thread_suspend                      0x08002188   Section        0  thread.o(i.rt_thread_suspend)
    i.rt_thread_timeout                      0x080021ca   Section        0  thread.o(i.rt_thread_timeout)
    i.rt_thread_yield                        0x080021ec   Section        0  thread.o(i.rt_thread_yield)
    i.rt_tick_from_millisecond               0x0800224c   Section        0  clock.o(i.rt_tick_from_millisecond)
    i.rt_tick_get                            0x08002280   Section        0  clock.o(i.rt_tick_get)
    i.rt_tick_increase                       0x0800228c   Section        0  clock.o(i.rt_tick_increase)
    i.rt_timer_check                         0x080022b8   Section        0  timer.o(i.rt_timer_check)
    i.rt_timer_control                       0x08002320   Section        0  timer.o(i.rt_timer_control)
    i.rt_timer_detach                        0x08002350   Section        0  timer.o(i.rt_timer_detach)
    i.rt_timer_init                          0x08002370   Section        0  timer.o(i.rt_timer_init)
    i.rt_timer_start                         0x080023a0   Section        0  timer.o(i.rt_timer_start)
    i.rt_timer_stop                          0x0800242c   Section        0  timer.o(i.rt_timer_stop)
    i.rt_vsnprintf                           0x0800245c   Section        0  kservice.o(i.rt_vsnprintf)
    i.rti_board_end                          0x080026d8   Section        0  components.o(i.rti_board_end)
    rti_board_end                            0x080026d9   Thumb Code     4  components.o(i.rti_board_end)
    i.rti_board_start                        0x080026dc   Section        0  components.o(i.rti_board_start)
    rti_board_start                          0x080026dd   Thumb Code     4  components.o(i.rti_board_start)
    i.rti_end                                0x080026e0   Section        0  components.o(i.rti_end)
    rti_end                                  0x080026e1   Thumb Code     4  components.o(i.rti_end)
    i.rti_start                              0x080026e4   Section        0  components.o(i.rti_start)
    rti_start                                0x080026e5   Thumb Code     4  components.o(i.rti_start)
    i.rtthread_startup                       0x080026e8   Section        0  components.o(i.rtthread_startup)
    i.skip_atoi                              0x08002712   Section        0  kservice.o(i.skip_atoi)
    skip_atoi                                0x08002713   Thumb Code    40  kservice.o(i.skip_atoi)
    i.uart_thread_entry                      0x0800273c   Section        0  main.o(i.uart_thread_entry)
    uart_thread_entry                        0x0800273d   Thumb Code   158  main.o(i.uart_thread_entry)
    .constdata                               0x08002830   Section       16  system_stm32f4xx.o(.constdata)
    .constdata                               0x08002840   Section        8  system_stm32f4xx.o(.constdata)
    .constdata                               0x08002848   Section     2072  oled_i2c.o(.constdata)
    .constdata                               0x08003060   Section      290  kservice.o(.constdata)
    small_digits                             0x08003160   Data          17  kservice.o(.constdata)
    large_digits                             0x08003171   Data          17  kservice.o(.constdata)
    .rti_fn.0                                0x08003184   Section        4  components.o(.rti_fn.0)
    __tagsym$$used                           0x08003184   Number         0  components.o(.rti_fn.0)
    .rti_fn.0.end                            0x08003188   Section        4  components.o(.rti_fn.0.end)
    __tagsym$$used                           0x08003188   Number         0  components.o(.rti_fn.0.end)
    .rti_fn.1.end                            0x0800318c   Section        4  components.o(.rti_fn.1.end)
    __tagsym$$used                           0x0800318c   Number         0  components.o(.rti_fn.1.end)
    .rti_fn.6.end                            0x08003190   Section        4  components.o(.rti_fn.6.end)
    __tagsym$$used                           0x08003190   Number         0  components.o(.rti_fn.6.end)
    .data                                    0x20000000   Section       12  stm32f4xx_hal.o(.data)
    .data                                    0x2000000c   Section        4  system_stm32f4xx.o(.data)
    .data                                    0x20000010   Section        4  clock.o(.data)
    rt_tick                                  0x20000010   Data           4  clock.o(.data)
    .data                                    0x20000014   Section        1  irq.o(.data)
    .data                                    0x20000018   Section       48  object.o(.data)
    rt_object_container                      0x20000018   Data          48  object.o(.data)
    .data                                    0x20000048   Section       20  scheduler.o(.data)
    rt_scheduler_lock_nest                   0x2000004a   Data           2  scheduler.o(.data)
    .data                                    0x2000005c   Section       12  timer.o(.data)
    random_nr                                0x2000005c   Data           4  timer.o(.data)
    rt_timer_list                            0x20000060   Data           8  timer.o(.data)
    .data                                    0x20000068   Section        4  cpuport.o(.data)
    rt_exception_hook                        0x20000068   Data           4  cpuport.o(.data)
    .data                                    0x2000006c   Section        4  cpuport.o(.data)
    .data                                    0x20000070   Section        4  cpuport.o(.data)
    .data                                    0x20000074   Section        4  cpuport.o(.data)
    .data                                    0x20000078   Section        4  stdout.o(.data)
    .bss                                     0x2000007c   Section     1384  main.o(.bss)
    led_thread                               0x2000007c   Data         120  main.o(.bss)
    led_thread_stack                         0x200000f4   Data         256  main.o(.bss)
    uart_thread                              0x200001f4   Data         120  main.o(.bss)
    uart_thread_stack                        0x2000026c   Data         512  main.o(.bss)
    oled_thread                              0x2000046c   Data         120  main.o(.bss)
    oled_thread_stack                        0x200004e4   Data         256  main.o(.bss)
    .bss                                     0x200005e4   Section       84  i2c.o(.bss)
    .bss                                     0x20000638   Section       64  usart.o(.bss)
    .bss                                     0x20000678   Section     1144  components.o(.bss)
    main_stack                               0x20000678   Data        1024  components.o(.bss)
    .bss                                     0x20000af0   Section      248  idle.o(.bss)
    idle                                     0x20000af0   Data         120  idle.o(.bss)
    rt_thread_stack                          0x20000b68   Data         128  idle.o(.bss)
    .bss                                     0x20000be8   Section      128  kservice.o(.bss)
    rt_log_buf                               0x20000be8   Data         128  kservice.o(.bss)
    .bss                                     0x20000c68   Section      256  scheduler.o(.bss)
    STACK                                    0x20000d68   Section     1024  startup_stm32f407xx.o(STACK)

    Global Symbols

    Symbol Name                              Value     Ov Type        Size  Object(Section)

    BuildAttributes$$THM_ISAv4$E$P$D$K$B$S$7EM$VFPi3$EXTD16$VFPS$VFMA$PE$A:L22UL41UL21$X:L11$S22US41US21$IEEE1$IW$USESV6$~STKCKD$USESV7$~SHL$OSPACE$ROPI$EBA8$MICROLIB$REQ8$PRES8$EABIv2 0x00000000   Number         0  anon$$obj.o ABSOLUTE
    __ARM_use_no_argv                        0x00000000   Number         0  main.o ABSOLUTE
    _printf_a                                0x00000000   Number         0  stubs.o ABSOLUTE
    _printf_c                                0x00000000   Number         0  stubs.o ABSOLUTE
    _printf_charcount                        0x00000000   Number         0  stubs.o ABSOLUTE
    _printf_d                                0x00000000   Number         0  stubs.o ABSOLUTE
    _printf_e                                0x00000000   Number         0  stubs.o ABSOLUTE
    _printf_f                                0x00000000   Number         0  stubs.o ABSOLUTE
    _printf_flags                            0x00000000   Number         0  stubs.o ABSOLUTE
    _printf_fp_dec                           0x00000000   Number         0  stubs.o ABSOLUTE
    _printf_fp_hex                           0x00000000   Number         0  stubs.o ABSOLUTE
    _printf_g                                0x00000000   Number         0  stubs.o ABSOLUTE
    _printf_i                                0x00000000   Number         0  stubs.o ABSOLUTE
    _printf_int_dec                          0x00000000   Number         0  stubs.o ABSOLUTE
    _printf_l                                0x00000000   Number         0  stubs.o ABSOLUTE
    _printf_lc                               0x00000000   Number         0  stubs.o ABSOLUTE
    _printf_ll                               0x00000000   Number         0  stubs.o ABSOLUTE
    _printf_lld                              0x00000000   Number         0  stubs.o ABSOLUTE
    _printf_lli                              0x00000000   Number         0  stubs.o ABSOLUTE
    _printf_llo                              0x00000000   Number         0  stubs.o ABSOLUTE
    _printf_llu                              0x00000000   Number         0  stubs.o ABSOLUTE
    _printf_llx                              0x00000000   Number         0  stubs.o ABSOLUTE
    _printf_longlong_dec                     0x00000000   Number         0  stubs.o ABSOLUTE
    _printf_longlong_hex                     0x00000000   Number         0  stubs.o ABSOLUTE
    _printf_longlong_oct                     0x00000000   Number         0  stubs.o ABSOLUTE
    _printf_ls                               0x00000000   Number         0  stubs.o ABSOLUTE
    _printf_mbtowc                           0x00000000   Number         0  stubs.o ABSOLUTE
    _printf_n                                0x00000000   Number         0  stubs.o ABSOLUTE
    _printf_o                                0x00000000   Number         0  stubs.o ABSOLUTE
    _printf_p                                0x00000000   Number         0  stubs.o ABSOLUTE
    _printf_percent                          0x00000000   Number         0  stubs.o ABSOLUTE
    _printf_pre_padding                      0x00000000   Number         0  stubs.o ABSOLUTE
    _printf_return_value                     0x00000000   Number         0  stubs.o ABSOLUTE
    _printf_s                                0x00000000   Number         0  stubs.o ABSOLUTE
    _printf_sizespec                         0x00000000   Number         0  stubs.o ABSOLUTE
    _printf_str                              0x00000000   Number         0  stubs.o ABSOLUTE
    _printf_truncate_signed                  0x00000000   Number         0  stubs.o ABSOLUTE
    _printf_truncate_unsigned                0x00000000   Number         0  stubs.o ABSOLUTE
    _printf_u                                0x00000000   Number         0  stubs.o ABSOLUTE
    _printf_wc                               0x00000000   Number         0  stubs.o ABSOLUTE
    _printf_wctomb                           0x00000000   Number         0  stubs.o ABSOLUTE
    _printf_widthprec                        0x00000000   Number         0  stubs.o ABSOLUTE
    _printf_x                                0x00000000   Number         0  stubs.o ABSOLUTE
    __cpp_initialize__aeabi_                  - Undefined Weak Reference
    __cxa_finalize                            - Undefined Weak Reference
    __decompress                              - Undefined Weak Reference
    _clock_init                               - Undefined Weak Reference
    _microlib_exit                            - Undefined Weak Reference
    __Vectors_Size                           0x00000188   Number         0  startup_stm32f407xx.o ABSOLUTE
    __Vectors                                0x08000000   Data           4  startup_stm32f407xx.o(RESET)
    __Vectors_End                            0x08000188   Data           0  startup_stm32f407xx.o(RESET)
    __main                                   0x08000189   Thumb Code     0  entry.o(.ARM.Collect$$$$00000000)
    _main_stk                                0x08000189   Thumb Code     0  entry2.o(.ARM.Collect$$$$00000001)
    _main_scatterload                        0x0800018d   Thumb Code     0  entry5.o(.ARM.Collect$$$$00000004)
    __main_after_scatterload                 0x08000191   Thumb Code     0  entry5.o(.ARM.Collect$$$$00000004)
    _main_clock                              0x08000191   Thumb Code     0  entry7b.o(.ARM.Collect$$$$00000008)
    _main_cpp_init                           0x08000191   Thumb Code     0  entry8b.o(.ARM.Collect$$$$0000000A)
    _main_init                               0x08000191   Thumb Code     0  entry9a.o(.ARM.Collect$$$$0000000B)
    __rt_final_cpp                           0x08000199   Thumb Code     0  entry10a.o(.ARM.Collect$$$$0000000D)
    __rt_final_exit                          0x08000199   Thumb Code     0  entry11a.o(.ARM.Collect$$$$0000000F)
    Reset_Handler                            0x0800019d   Thumb Code     8  startup_stm32f407xx.o(.text)
    ADC_IRQHandler                           0x080001b7   Thumb Code     0  startup_stm32f407xx.o(.text)
    CAN1_RX0_IRQHandler                      0x080001b7   Thumb Code     0  startup_stm32f407xx.o(.text)
    CAN1_RX1_IRQHandler                      0x080001b7   Thumb Code     0  startup_stm32f407xx.o(.text)
    CAN1_SCE_IRQHandler                      0x080001b7   Thumb Code     0  startup_stm32f407xx.o(.text)
    CAN1_TX_IRQHandler                       0x080001b7   Thumb Code     0  startup_stm32f407xx.o(.text)
    CAN2_RX0_IRQHandler                      0x080001b7   Thumb Code     0  startup_stm32f407xx.o(.text)
    CAN2_RX1_IRQHandler                      0x080001b7   Thumb Code     0  startup_stm32f407xx.o(.text)
    CAN2_SCE_IRQHandler                      0x080001b7   Thumb Code     0  startup_stm32f407xx.o(.text)
    CAN2_TX_IRQHandler                       0x080001b7   Thumb Code     0  startup_stm32f407xx.o(.text)
    DCMI_IRQHandler                          0x080001b7   Thumb Code     0  startup_stm32f407xx.o(.text)
    DMA1_Stream0_IRQHandler                  0x080001b7   Thumb Code     0  startup_stm32f407xx.o(.text)
    DMA1_Stream1_IRQHandler                  0x080001b7   Thumb Code     0  startup_stm32f407xx.o(.text)
    DMA1_Stream2_IRQHandler                  0x080001b7   Thumb Code     0  startup_stm32f407xx.o(.text)
    DMA1_Stream3_IRQHandler                  0x080001b7   Thumb Code     0  startup_stm32f407xx.o(.text)
    DMA1_Stream4_IRQHandler                  0x080001b7   Thumb Code     0  startup_stm32f407xx.o(.text)
    DMA1_Stream5_IRQHandler                  0x080001b7   Thumb Code     0  startup_stm32f407xx.o(.text)
    DMA1_Stream6_IRQHandler                  0x080001b7   Thumb Code     0  startup_stm32f407xx.o(.text)
    DMA1_Stream7_IRQHandler                  0x080001b7   Thumb Code     0  startup_stm32f407xx.o(.text)
    DMA2_Stream0_IRQHandler                  0x080001b7   Thumb Code     0  startup_stm32f407xx.o(.text)
    DMA2_Stream1_IRQHandler                  0x080001b7   Thumb Code     0  startup_stm32f407xx.o(.text)
    DMA2_Stream2_IRQHandler                  0x080001b7   Thumb Code     0  startup_stm32f407xx.o(.text)
    DMA2_Stream3_IRQHandler                  0x080001b7   Thumb Code     0  startup_stm32f407xx.o(.text)
    DMA2_Stream4_IRQHandler                  0x080001b7   Thumb Code     0  startup_stm32f407xx.o(.text)
    DMA2_Stream5_IRQHandler                  0x080001b7   Thumb Code     0  startup_stm32f407xx.o(.text)
    DMA2_Stream6_IRQHandler                  0x080001b7   Thumb Code     0  startup_stm32f407xx.o(.text)
    DMA2_Stream7_IRQHandler                  0x080001b7   Thumb Code     0  startup_stm32f407xx.o(.text)
    ETH_IRQHandler                           0x080001b7   Thumb Code     0  startup_stm32f407xx.o(.text)
    ETH_WKUP_IRQHandler                      0x080001b7   Thumb Code     0  startup_stm32f407xx.o(.text)
    EXTI0_IRQHandler                         0x080001b7   Thumb Code     0  startup_stm32f407xx.o(.text)
    EXTI15_10_IRQHandler                     0x080001b7   Thumb Code     0  startup_stm32f407xx.o(.text)
    EXTI1_IRQHandler                         0x080001b7   Thumb Code     0  startup_stm32f407xx.o(.text)
    EXTI2_IRQHandler                         0x080001b7   Thumb Code     0  startup_stm32f407xx.o(.text)
    EXTI3_IRQHandler                         0x080001b7   Thumb Code     0  startup_stm32f407xx.o(.text)
    EXTI4_IRQHandler                         0x080001b7   Thumb Code     0  startup_stm32f407xx.o(.text)
    EXTI9_5_IRQHandler                       0x080001b7   Thumb Code     0  startup_stm32f407xx.o(.text)
    FLASH_IRQHandler                         0x080001b7   Thumb Code     0  startup_stm32f407xx.o(.text)
    FMC_IRQHandler                           0x080001b7   Thumb Code     0  startup_stm32f407xx.o(.text)
    FPU_IRQHandler                           0x080001b7   Thumb Code     0  startup_stm32f407xx.o(.text)
    HASH_RNG_IRQHandler                      0x080001b7   Thumb Code     0  startup_stm32f407xx.o(.text)
    I2C1_ER_IRQHandler                       0x080001b7   Thumb Code     0  startup_stm32f407xx.o(.text)
    I2C1_EV_IRQHandler                       0x080001b7   Thumb Code     0  startup_stm32f407xx.o(.text)
    I2C2_ER_IRQHandler                       0x080001b7   Thumb Code     0  startup_stm32f407xx.o(.text)
    I2C2_EV_IRQHandler                       0x080001b7   Thumb Code     0  startup_stm32f407xx.o(.text)
    I2C3_ER_IRQHandler                       0x080001b7   Thumb Code     0  startup_stm32f407xx.o(.text)
    I2C3_EV_IRQHandler                       0x080001b7   Thumb Code     0  startup_stm32f407xx.o(.text)
    OTG_FS_IRQHandler                        0x080001b7   Thumb Code     0  startup_stm32f407xx.o(.text)
    OTG_FS_WKUP_IRQHandler                   0x080001b7   Thumb Code     0  startup_stm32f407xx.o(.text)
    OTG_HS_EP1_IN_IRQHandler                 0x080001b7   Thumb Code     0  startup_stm32f407xx.o(.text)
    OTG_HS_EP1_OUT_IRQHandler                0x080001b7   Thumb Code     0  startup_stm32f407xx.o(.text)
    OTG_HS_IRQHandler                        0x080001b7   Thumb Code     0  startup_stm32f407xx.o(.text)
    OTG_HS_WKUP_IRQHandler                   0x080001b7   Thumb Code     0  startup_stm32f407xx.o(.text)
    PVD_IRQHandler                           0x080001b7   Thumb Code     0  startup_stm32f407xx.o(.text)
    RCC_IRQHandler                           0x080001b7   Thumb Code     0  startup_stm32f407xx.o(.text)
    RTC_Alarm_IRQHandler                     0x080001b7   Thumb Code     0  startup_stm32f407xx.o(.text)
    RTC_WKUP_IRQHandler                      0x080001b7   Thumb Code     0  startup_stm32f407xx.o(.text)
    SDIO_IRQHandler                          0x080001b7   Thumb Code     0  startup_stm32f407xx.o(.text)
    SPI1_IRQHandler                          0x080001b7   Thumb Code     0  startup_stm32f407xx.o(.text)
    SPI2_IRQHandler                          0x080001b7   Thumb Code     0  startup_stm32f407xx.o(.text)
    SPI3_IRQHandler                          0x080001b7   Thumb Code     0  startup_stm32f407xx.o(.text)
    TAMP_STAMP_IRQHandler                    0x080001b7   Thumb Code     0  startup_stm32f407xx.o(.text)
    TIM1_BRK_TIM9_IRQHandler                 0x080001b7   Thumb Code     0  startup_stm32f407xx.o(.text)
    TIM1_CC_IRQHandler                       0x080001b7   Thumb Code     0  startup_stm32f407xx.o(.text)
    TIM1_TRG_COM_TIM11_IRQHandler            0x080001b7   Thumb Code     0  startup_stm32f407xx.o(.text)
    TIM1_UP_TIM10_IRQHandler                 0x080001b7   Thumb Code     0  startup_stm32f407xx.o(.text)
    TIM2_IRQHandler                          0x080001b7   Thumb Code     0  startup_stm32f407xx.o(.text)
    TIM3_IRQHandler                          0x080001b7   Thumb Code     0  startup_stm32f407xx.o(.text)
    TIM4_IRQHandler                          0x080001b7   Thumb Code     0  startup_stm32f407xx.o(.text)
    TIM5_IRQHandler                          0x080001b7   Thumb Code     0  startup_stm32f407xx.o(.text)
    TIM6_DAC_IRQHandler                      0x080001b7   Thumb Code     0  startup_stm32f407xx.o(.text)
    TIM7_IRQHandler                          0x080001b7   Thumb Code     0  startup_stm32f407xx.o(.text)
    TIM8_BRK_TIM12_IRQHandler                0x080001b7   Thumb Code     0  startup_stm32f407xx.o(.text)
    TIM8_CC_IRQHandler                       0x080001b7   Thumb Code     0  startup_stm32f407xx.o(.text)
    TIM8_TRG_COM_TIM14_IRQHandler            0x080001b7   Thumb Code     0  startup_stm32f407xx.o(.text)
    TIM8_UP_TIM13_IRQHandler                 0x080001b7   Thumb Code     0  startup_stm32f407xx.o(.text)
    UART4_IRQHandler                         0x080001b7   Thumb Code     0  startup_stm32f407xx.o(.text)
    UART5_IRQHandler                         0x080001b7   Thumb Code     0  startup_stm32f407xx.o(.text)
    USART1_IRQHandler                        0x080001b7   Thumb Code     0  startup_stm32f407xx.o(.text)
    USART2_IRQHandler                        0x080001b7   Thumb Code     0  startup_stm32f407xx.o(.text)
    USART3_IRQHandler                        0x080001b7   Thumb Code     0  startup_stm32f407xx.o(.text)
    USART6_IRQHandler                        0x080001b7   Thumb Code     0  startup_stm32f407xx.o(.text)
    WWDG_IRQHandler                          0x080001b7   Thumb Code     0  startup_stm32f407xx.o(.text)
    rt_hw_interrupt_disable                  0x080001c1   Thumb Code     8  context_rvds.o(.text)
    rt_hw_interrupt_enable                   0x080001c9   Thumb Code     6  context_rvds.o(.text)
    rt_hw_context_switch                     0x080001cf   Thumb Code    32  context_rvds.o(.text)
    rt_hw_context_switch_interrupt           0x080001cf   Thumb Code     0  context_rvds.o(.text)
    PendSV_Handler                           0x080001ef   Thumb Code   108  context_rvds.o(.text)
    rt_hw_context_switch_to                  0x0800025b   Thumb Code    70  context_rvds.o(.text)
    rt_hw_interrupt_thread_switch            0x080002a1   Thumb Code     2  context_rvds.o(.text)
    HardFault_Handler                        0x080002a3   Thumb Code    56  context_rvds.o(.text)
    __aeabi_uldivmod                         0x080002f5   Thumb Code    98  uldiv.o(.text)
    __aeabi_memcpy                           0x08000357   Thumb Code    36  memcpya.o(.text)
    __aeabi_memcpy4                          0x08000357   Thumb Code     0  memcpya.o(.text)
    __aeabi_memcpy8                          0x08000357   Thumb Code     0  memcpya.o(.text)
    __aeabi_memset                           0x0800037b   Thumb Code    14  memseta.o(.text)
    __aeabi_memset4                          0x0800037b   Thumb Code     0  memseta.o(.text)
    __aeabi_memset8                          0x0800037b   Thumb Code     0  memseta.o(.text)
    __aeabi_memclr                           0x08000389   Thumb Code     4  memseta.o(.text)
    __aeabi_memclr4                          0x08000389   Thumb Code     0  memseta.o(.text)
    __aeabi_memclr8                          0x08000389   Thumb Code     0  memseta.o(.text)
    _memset$wrapper                          0x0800038d   Thumb Code    18  memseta.o(.text)
    __aeabi_uidiv                            0x0800039f   Thumb Code     0  uidiv.o(.text)
    __aeabi_uidivmod                         0x0800039f   Thumb Code    44  uidiv.o(.text)
    __aeabi_llsl                             0x080003cb   Thumb Code    30  llshl.o(.text)
    _ll_shift_l                              0x080003cb   Thumb Code     0  llshl.o(.text)
    __aeabi_llsr                             0x080003e9   Thumb Code    32  llushr.o(.text)
    _ll_ushift_r                             0x080003e9   Thumb Code     0  llushr.o(.text)
    __scatterload                            0x08000409   Thumb Code    28  init.o(.text)
    __scatterload_rt2                        0x08000409   Thumb Code     0  init.o(.text)
    main                                     0x0800042d   Thumb Code    10  components.o(i.$Sub$$main)
    BusFault_Handler                         0x08000437   Thumb Code     2  stm32f4xx_it.o(i.BusFault_Handler)
    DebugMon_Handler                         0x08000439   Thumb Code     2  stm32f4xx_it.o(i.DebugMon_Handler)
    Error_Handler                            0x0800043b   Thumb Code     2  main.o(i.Error_Handler)
    HAL_GPIO_Init                            0x0800043d   Thumb Code   394  stm32f4xx_hal_gpio.o(i.HAL_GPIO_Init)
    HAL_GPIO_WritePin                        0x080005f5   Thumb Code    10  stm32f4xx_hal_gpio.o(i.HAL_GPIO_WritePin)
    HAL_GetTick                              0x08000601   Thumb Code     6  stm32f4xx_hal.o(i.HAL_GetTick)
    HAL_I2C_Init                             0x0800060d   Thumb Code   376  stm32f4xx_hal_i2c.o(i.HAL_I2C_Init)
    HAL_I2C_Mem_Write                        0x08000795   Thumb Code   294  stm32f4xx_hal_i2c.o(i.HAL_I2C_Mem_Write)
    HAL_I2C_MspInit                          0x080008c5   Thumb Code    94  i2c.o(i.HAL_I2C_MspInit)
    HAL_RCC_GetPCLK1Freq                     0x08000931   Thumb Code    20  stm32f4xx_hal_rcc.o(i.HAL_RCC_GetPCLK1Freq)
    HAL_RCC_GetPCLK2Freq                     0x08000951   Thumb Code    20  stm32f4xx_hal_rcc.o(i.HAL_RCC_GetPCLK2Freq)
    HAL_UART_Init                            0x08000971   Thumb Code    98  stm32f4xx_hal_uart.o(i.HAL_UART_Init)
    HAL_UART_MspInit                         0x080009d5   Thumb Code    94  usart.o(i.HAL_UART_MspInit)
    HAL_UART_Transmit                        0x08000a41   Thumb Code   186  stm32f4xx_hal_uart.o(i.HAL_UART_Transmit)
    I2C_Configuration                        0x08000afb   Thumb Code     4  oled_i2c.o(i.I2C_Configuration)
    MX_GPIO_Init                             0x08000d6d   Thumb Code   150  gpio.o(i.MX_GPIO_Init)
    MX_I2C1_Init                             0x08000e0d   Thumb Code    50  i2c.o(i.MX_I2C1_Init)
    MX_USART1_UART_Init                      0x08000e4d   Thumb Code    48  usart.o(i.MX_USART1_UART_Init)
    MemManage_Handler                        0x08000e85   Thumb Code     2  stm32f4xx_it.o(i.MemManage_Handler)
    NMI_Handler                              0x08000e87   Thumb Code     2  stm32f4xx_it.o(i.NMI_Handler)
    OLED_Fill                                0x08000e89   Thumb Code    56  oled_i2c.o(i.OLED_Fill)
    OLED_Init                                0x08000ec1   Thumb Code   180  oled_i2c.o(i.OLED_Init)
    OLED_SetPos                              0x08000f75   Thumb Code    38  oled_i2c.o(i.OLED_SetPos)
    OLED_ShowStr                             0x08000f9d   Thumb Code   208  oled_i2c.o(i.OLED_ShowStr)
    SVC_Handler                              0x08001075   Thumb Code     2  stm32f4xx_it.o(i.SVC_Handler)
    SysTick_Handler                          0x08001077   Thumb Code    18  board.o(i.SysTick_Handler)
    SystemCoreClockUpdate                    0x08001089   Thumb Code   104  system_stm32f4xx.o(i.SystemCoreClockUpdate)
    SystemInit                               0x08001101   Thumb Code    22  system_stm32f4xx.o(i.SystemInit)
    UsageFault_Handler                       0x080012a9   Thumb Code     2  stm32f4xx_it.o(i.UsageFault_Handler)
    WriteCmd                                 0x080012ad   Thumb Code    30  oled_i2c.o(i.WriteCmd)
    WriteDat                                 0x080012d1   Thumb Code    30  oled_i2c.o(i.WriteDat)
    __0printf$1                              0x080012f5   Thumb Code    22  printf1.o(i.__0printf$1)
    __1printf$1                              0x080012f5   Thumb Code     0  printf1.o(i.__0printf$1)
    __2printf                                0x080012f5   Thumb Code     0  printf1.o(i.__0printf$1)
    __0sprintf$1                             0x08001315   Thumb Code    34  printf1.o(i.__0sprintf$1)
    __1sprintf$1                             0x08001315   Thumb Code     0  printf1.o(i.__0sprintf$1)
    __2sprintf                               0x08001315   Thumb Code     0  printf1.o(i.__0sprintf$1)
    __rt_ffs                                 0x0800133d   Thumb Code    64  kservice.o(i.__rt_ffs)
    __scatterload_copy                       0x08001381   Thumb Code    14  handlers.o(i.__scatterload_copy)
    __scatterload_null                       0x0800138f   Thumb Code     2  handlers.o(i.__scatterload_null)
    __scatterload_zeroinit                   0x08001391   Thumb Code    14  handlers.o(i.__scatterload_zeroinit)
    fputc                                    0x080015a5   Thumb Code    20  usart.o(i.fputc)
    frame_prase                              0x080015bd   Thumb Code    64  main.o(i.frame_prase)
    $Super$$main                             0x08001631   Thumb Code   126  main.o(i.main)
    main_thread_entry                        0x080016f1   Thumb Code    14  components.o(i.main_thread_entry)
    rt_application_init                      0x0800187d   Thumb Code    44  components.o(i.rt_application_init)
    rt_components_board_init                 0x080018b9   Thumb Code    20  components.o(i.rt_components_board_init)
    rt_components_init                       0x080018d5   Thumb Code    20  components.o(i.rt_components_init)
    rt_enter_critical                        0x080018f1   Thumb Code    22  scheduler.o(i.rt_enter_critical)
    rt_exit_critical                         0x0800190d   Thumb Code    52  scheduler.o(i.rt_exit_critical)
    rt_hw_board_init                         0x08001945   Thumb Code    54  board.o(i.rt_hw_board_init)
    rt_hw_console_output                     0x08001985   Thumb Code     2  kservice.o(i.rt_hw_console_output)
    rt_hw_hard_fault_exception               0x08001989   Thumb Code   190  cpuport.o(i.rt_hw_hard_fault_exception)
    rt_hw_stack_init                         0x08001b99   Thumb Code    54  cpuport.o(i.rt_hw_stack_init)
    rt_interrupt_enter                       0x08001bd5   Thumb Code    22  irq.o(i.rt_interrupt_enter)
    rt_interrupt_leave                       0x08001bf1   Thumb Code    22  irq.o(i.rt_interrupt_leave)
    rt_kprintf                               0x08001c0d   Thumb Code    28  kservice.o(i.rt_kprintf)
    rt_memset                                0x08001c5d   Thumb Code    70  kservice.o(i.rt_memset)
    rt_object_detach                         0x08001ca3   Thumb Code    36  object.o(i.rt_object_detach)
    rt_object_get_information                0x08001cc9   Thumb Code    30  object.o(i.rt_object_get_information)
    rt_object_init                           0x08001ced   Thumb Code    82  object.o(i.rt_object_init)
    rt_object_is_systemobject                0x08001d3f   Thumb Code    14  object.o(i.rt_object_is_systemobject)
    rt_schedule                              0x08001d4d   Thumb Code    76  scheduler.o(i.rt_schedule)
    rt_schedule_insert_thread                0x08001da5   Thumb Code    70  scheduler.o(i.rt_schedule_insert_thread)
    rt_schedule_remove_thread                0x08001df5   Thumb Code    64  scheduler.o(i.rt_schedule_remove_thread)
    rt_show_version                          0x08001e3d   Thumb Code    40  kservice.o(i.rt_show_version)
    rt_strlen                                0x08001eed   Thumb Code    16  kservice.o(i.rt_strlen)
    rt_strncpy                               0x08001efd   Thumb Code    38  kservice.o(i.rt_strncpy)
    rt_system_scheduler_init                 0x08001f25   Thumb Code    44  scheduler.o(i.rt_system_scheduler_init)
    rt_system_scheduler_start                0x08001f59   Thumb Code    32  scheduler.o(i.rt_system_scheduler_start)
    rt_system_timer_init                     0x08001f81   Thumb Code     8  timer.o(i.rt_system_timer_init)
    rt_system_timer_thread_init              0x08001f8d   Thumb Code     2  timer.o(i.rt_system_timer_thread_init)
    rt_thread_exit                           0x08001f91   Thumb Code    78  thread.o(i.rt_thread_exit)
    rt_thread_idle_excute                    0x08001ff1   Thumb Code   102  idle.o(i.rt_thread_idle_excute)
    rt_thread_idle_init                      0x0800205d   Thumb Code    40  idle.o(i.rt_thread_idle_init)
    rt_thread_init                           0x08002095   Thumb Code    48  thread.o(i.rt_thread_init)
    rt_thread_mdelay                         0x080020c5   Thumb Code    14  thread.o(i.rt_thread_mdelay)
    rt_thread_resume                         0x080020d3   Thumb Code    60  thread.o(i.rt_thread_resume)
    rt_thread_self                           0x08002111   Thumb Code     6  thread.o(i.rt_thread_self)
    rt_thread_sleep                          0x0800211d   Thumb Code    60  thread.o(i.rt_thread_sleep)
    rt_thread_startup                        0x0800215d   Thumb Code    40  thread.o(i.rt_thread_startup)
    rt_thread_suspend                        0x08002189   Thumb Code    66  thread.o(i.rt_thread_suspend)
    rt_thread_timeout                        0x080021cb   Thumb Code    32  thread.o(i.rt_thread_timeout)
    rt_thread_yield                          0x080021ed   Thumb Code    86  thread.o(i.rt_thread_yield)
    rt_tick_from_millisecond                 0x0800224d   Thumb Code    50  clock.o(i.rt_tick_from_millisecond)
    rt_tick_get                              0x08002281   Thumb Code     6  clock.o(i.rt_tick_get)
    rt_tick_increase                         0x0800228d   Thumb Code    38  clock.o(i.rt_tick_increase)
    rt_timer_check                           0x080022b9   Thumb Code    98  timer.o(i.rt_timer_check)
    rt_timer_control                         0x08002321   Thumb Code    48  timer.o(i.rt_timer_control)
    rt_timer_detach                          0x08002351   Thumb Code    32  timer.o(i.rt_timer_detach)
    rt_timer_init                            0x08002371   Thumb Code    48  timer.o(i.rt_timer_init)
    rt_timer_start                           0x080023a1   Thumb Code   136  timer.o(i.rt_timer_start)
    rt_timer_stop                            0x0800242d   Thumb Code    46  timer.o(i.rt_timer_stop)
    rt_vsnprintf                             0x0800245d   Thumb Code   626  kservice.o(i.rt_vsnprintf)
    rtthread_startup                         0x080026e9   Thumb Code    42  components.o(i.rtthread_startup)
    AHBPrescTable                            0x08002830   Data          16  system_stm32f4xx.o(.constdata)
    APBPrescTable                            0x08002840   Data           8  system_stm32f4xx.o(.constdata)
    F6x8                                     0x08002848   Data         552  oled_i2c.o(.constdata)
    F8X16                                    0x08002a70   Data        1520  oled_i2c.o(.constdata)
    __lowest_bit_bitmap                      0x08003060   Data         256  kservice.o(.constdata)
    __rt_init_rti_start                      0x08003184   Data           4  components.o(.rti_fn.0)
    __rt_init_rti_board_start                0x08003188   Data           4  components.o(.rti_fn.0.end)
    __rt_init_rti_board_end                  0x0800318c   Data           4  components.o(.rti_fn.1.end)
    __rt_init_rti_end                        0x08003190   Data           4  components.o(.rti_fn.6.end)
    Region$$Table$$Base                      0x08003194   Number         0  anon$$obj.o(Region$$Table)
    Region$$Table$$Limit                     0x080031b4   Number         0  anon$$obj.o(Region$$Table)
    uwTickFreq                               0x20000000   Data           1  stm32f4xx_hal.o(.data)
    uwTickPrio                               0x20000004   Data           4  stm32f4xx_hal.o(.data)
    uwTick                                   0x20000008   Data           4  stm32f4xx_hal.o(.data)
    SystemCoreClock                          0x2000000c   Data           4  system_stm32f4xx.o(.data)
    rt_interrupt_nest                        0x20000014   Data           1  irq.o(.data)
    rt_current_priority                      0x20000048   Data           1  scheduler.o(.data)
    rt_current_thread                        0x2000004c   Data           4  scheduler.o(.data)
    rt_thread_ready_priority_group           0x20000050   Data           4  scheduler.o(.data)
    rt_thread_defunct                        0x20000054   Data           8  scheduler.o(.data)
    rt_interrupt_from_thread                 0x2000006c   Data           4  cpuport.o(.data)
    rt_interrupt_to_thread                   0x20000070   Data           4  cpuport.o(.data)
    rt_thread_switch_interrupt_flag          0x20000074   Data           4  cpuport.o(.data)
    __stdout                                 0x20000078   Data           4  stdout.o(.data)
    hi2c1                                    0x200005e4   Data          84  i2c.o(.bss)
    huart1                                   0x20000638   Data          64  usart.o(.bss)
    main_thread                              0x20000a78   Data         120  components.o(.bss)
    rt_thread_priority_table                 0x20000c68   Data         256  scheduler.o(.bss)
    __initial_sp                             0x20001168   Data           0  startup_stm32f407xx.o(STACK)



==============================================================================

Memory Map of the image

  Image Entry point : 0x08000189

  Load Region LR_IROM1 (Base: 0x08000000, Size: 0x00003230, Max: 0x00100000, ABSOLUTE)

    Execution Region ER_IROM1 (Exec base: 0x08000000, Load base: 0x08000000, Size: 0x000031b4, Max: 0x00100000, ABSOLUTE)

    Exec Addr    Load Addr    Size         Type   Attr      Idx    E Section Name        Object

    0x08000000   0x08000000   0x00000188   Data   RO            3    RESET               startup_stm32f407xx.o
    0x08000188   0x08000188   0x00000000   Code   RO         3808  * .ARM.Collect$$$$00000000  mc_w.l(entry.o)
    0x08000188   0x08000188   0x00000004   Code   RO         4080    .ARM.Collect$$$$00000001  mc_w.l(entry2.o)
    0x0800018c   0x0800018c   0x00000004   Code   RO         4083    .ARM.Collect$$$$00000004  mc_w.l(entry5.o)
    0x08000190   0x08000190   0x00000000   Code   RO         4085    .ARM.Collect$$$$00000008  mc_w.l(entry7b.o)
    0x08000190   0x08000190   0x00000000   Code   RO         4087    .ARM.Collect$$$$0000000A  mc_w.l(entry8b.o)
    0x08000190   0x08000190   0x00000008   Code   RO         4088    .ARM.Collect$$$$0000000B  mc_w.l(entry9a.o)
    0x08000198   0x08000198   0x00000000   Code   RO         4090    .ARM.Collect$$$$0000000D  mc_w.l(entry10a.o)
    0x08000198   0x08000198   0x00000000   Code   RO         4092    .ARM.Collect$$$$0000000F  mc_w.l(entry11a.o)
    0x08000198   0x08000198   0x00000004   Code   RO         4081    .ARM.Collect$$$$00002712  mc_w.l(entry2.o)
    0x0800019c   0x0800019c   0x00000024   Code   RO            4    .text               startup_stm32f407xx.o
    0x080001c0   0x080001c0   0x00000134   Code   RO         3051    .text               context_rvds.o
    0x080002f4   0x080002f4   0x00000062   Code   RO         3811    .text               mc_w.l(uldiv.o)
    0x08000356   0x08000356   0x00000024   Code   RO         3813    .text               mc_w.l(memcpya.o)
    0x0800037a   0x0800037a   0x00000024   Code   RO         3815    .text               mc_w.l(memseta.o)
    0x0800039e   0x0800039e   0x0000002c   Code   RO         4095    .text               mc_w.l(uidiv.o)
    0x080003ca   0x080003ca   0x0000001e   Code   RO         4097    .text               mc_w.l(llshl.o)
    0x080003e8   0x080003e8   0x00000020   Code   RO         4099    .text               mc_w.l(llushr.o)
    0x08000408   0x08000408   0x00000024   Code   RO         4112    .text               mc_w.l(init.o)
    0x0800042c   0x0800042c   0x0000000a   Code   RO         3115    i.$Sub$$main        components.o
    0x08000436   0x08000436   0x00000002   Code   RO          402    i.BusFault_Handler  stm32f4xx_it.o
    0x08000438   0x08000438   0x00000002   Code   RO          403    i.DebugMon_Handler  stm32f4xx_it.o
    0x0800043a   0x0800043a   0x00000002   Code   RO           13    i.Error_Handler     main.o
    0x0800043c   0x0800043c   0x000001b8   Code   RO         2134    i.HAL_GPIO_Init     stm32f4xx_hal_gpio.o
    0x080005f4   0x080005f4   0x0000000a   Code   RO         2138    i.HAL_GPIO_WritePin  stm32f4xx_hal_gpio.o
    0x080005fe   0x080005fe   0x00000002   PAD
    0x08000600   0x08000600   0x0000000c   Code   RO         2666    i.HAL_GetTick       stm32f4xx_hal.o
    0x0800060c   0x0800060c   0x00000188   Code   RO          494    i.HAL_I2C_Init      stm32f4xx_hal_i2c.o
    0x08000794   0x08000794   0x00000130   Code   RO          515    i.HAL_I2C_Mem_Write  stm32f4xx_hal_i2c.o
    0x080008c4   0x080008c4   0x0000006c   Code   RO          249    i.HAL_I2C_MspInit   i2c.o
    0x08000930   0x08000930   0x00000020   Code   RO         1787    i.HAL_RCC_GetPCLK1Freq  stm32f4xx_hal_rcc.o
    0x08000950   0x08000950   0x00000020   Code   RO         1788    i.HAL_RCC_GetPCLK2Freq  stm32f4xx_hal_rcc.o
    0x08000970   0x08000970   0x00000062   Code   RO         1478    i.HAL_UART_Init     stm32f4xx_hal_uart.o
    0x080009d2   0x080009d2   0x00000002   PAD
    0x080009d4   0x080009d4   0x0000006c   Code   RO          351    i.HAL_UART_MspInit  usart.o
    0x08000a40   0x08000a40   0x000000ba   Code   RO         1486    i.HAL_UART_Transmit  stm32f4xx_hal_uart.o
    0x08000afa   0x08000afa   0x00000004   Code   RO         2949    i.I2C_Configuration  oled_i2c.o
    0x08000afe   0x08000afe   0x0000002e   Code   RO          536    i.I2C_IsAcknowledgeFailed  stm32f4xx_hal_i2c.o
    0x08000b2c   0x08000b2c   0x000000a8   Code   RO          547    i.I2C_RequestMemoryWrite  stm32f4xx_hal_i2c.o
    0x08000bd4   0x08000bd4   0x0000004c   Code   RO          550    i.I2C_WaitOnBTFFlagUntilTimeout  stm32f4xx_hal_i2c.o
    0x08000c20   0x08000c20   0x00000068   Code   RO          551    i.I2C_WaitOnFlagUntilTimeout  stm32f4xx_hal_i2c.o
    0x08000c88   0x08000c88   0x00000096   Code   RO          552    i.I2C_WaitOnMasterAddressFlagUntilTimeout  stm32f4xx_hal_i2c.o
    0x08000d1e   0x08000d1e   0x0000004c   Code   RO          554    i.I2C_WaitOnTXEFlagUntilTimeout  stm32f4xx_hal_i2c.o
    0x08000d6a   0x08000d6a   0x00000002   PAD
    0x08000d6c   0x08000d6c   0x000000a0   Code   RO          224    i.MX_GPIO_Init      gpio.o
    0x08000e0c   0x08000e0c   0x00000040   Code   RO          250    i.MX_I2C1_Init      i2c.o
    0x08000e4c   0x08000e4c   0x00000038   Code   RO          352    i.MX_USART1_UART_Init  usart.o
    0x08000e84   0x08000e84   0x00000002   Code   RO          404    i.MemManage_Handler  stm32f4xx_it.o
    0x08000e86   0x08000e86   0x00000002   Code   RO          405    i.NMI_Handler       stm32f4xx_it.o
    0x08000e88   0x08000e88   0x00000038   Code   RO         2953    i.OLED_Fill         oled_i2c.o
    0x08000ec0   0x08000ec0   0x000000b4   Code   RO         2954    i.OLED_Init         oled_i2c.o
    0x08000f74   0x08000f74   0x00000026   Code   RO         2957    i.OLED_SetPos       oled_i2c.o
    0x08000f9a   0x08000f9a   0x00000002   PAD
    0x08000f9c   0x08000f9c   0x000000d8   Code   RO         2959    i.OLED_ShowStr      oled_i2c.o
    0x08001074   0x08001074   0x00000002   Code   RO          406    i.SVC_Handler       stm32f4xx_it.o
    0x08001076   0x08001076   0x00000012   Code   RO         3055    i.SysTick_Handler   board.o
    0x08001088   0x08001088   0x00000078   Code   RO         2911    i.SystemCoreClockUpdate  system_stm32f4xx.o
    0x08001100   0x08001100   0x0000001c   Code   RO         2912    i.SystemInit        system_stm32f4xx.o
    0x0800111c   0x0800111c   0x00000128   Code   RO         1504    i.UART_SetConfig    stm32f4xx_hal_uart.o
    0x08001244   0x08001244   0x00000064   Code   RO         1506    i.UART_WaitOnFlagUntilTimeout  stm32f4xx_hal_uart.o
    0x080012a8   0x080012a8   0x00000002   Code   RO          407    i.UsageFault_Handler  stm32f4xx_it.o
    0x080012aa   0x080012aa   0x00000002   PAD
    0x080012ac   0x080012ac   0x00000024   Code   RO         2960    i.WriteCmd          oled_i2c.o
    0x080012d0   0x080012d0   0x00000024   Code   RO         2961    i.WriteDat          oled_i2c.o
    0x080012f4   0x080012f4   0x00000020   Code   RO         3864    i.__0printf$1       mc_w.l(printf1.o)
    0x08001314   0x08001314   0x00000028   Code   RO         3866    i.__0sprintf$1      mc_w.l(printf1.o)
    0x0800133c   0x0800133c   0x00000044   Code   RO         3306    i.__rt_ffs          kservice.o
    0x08001380   0x08001380   0x0000000e   Code   RO         4120    i.__scatterload_copy  mc_w.l(handlers.o)
    0x0800138e   0x0800138e   0x00000002   Code   RO         4121    i.__scatterload_null  mc_w.l(handlers.o)
    0x08001390   0x08001390   0x0000000e   Code   RO         4122    i.__scatterload_zeroinit  mc_w.l(handlers.o)
    0x0800139e   0x0800139e   0x00000002   PAD
    0x080013a0   0x080013a0   0x00000014   Code   RO         3184    i._has_defunct_thread  idle.o
    0x080013b4   0x080013b4   0x00000154   Code   RO         3871    i._printf_core      mc_w.l(printf1.o)
    0x08001508   0x08001508   0x00000080   Code   RO         3583    i._rt_thread_init   thread.o
    0x08001588   0x08001588   0x00000012   Code   RO         3691    i._rt_timer_remove  timer.o
    0x0800159a   0x0800159a   0x0000000a   Code   RO         3873    i._sputc            mc_w.l(printf1.o)
    0x080015a4   0x080015a4   0x00000018   Code   RO          353    i.fputc             usart.o
    0x080015bc   0x080015bc   0x00000040   Code   RO           15    i.frame_prase       main.o
    0x080015fc   0x080015fc   0x00000034   Code   RO           16    i.led_thread_entry  main.o
    0x08001630   0x08001630   0x000000c0   Code   RO           17    i.main              main.o
    0x080016f0   0x080016f0   0x0000000e   Code   RO         3116    i.main_thread_entry  components.o
    0x080016fe   0x080016fe   0x00000002   PAD
    0x08001700   0x08001700   0x0000004c   Code   RO           18    i.oled_thread_entry  main.o
    0x0800174c   0x0800174c   0x00000130   Code   RO         3308    i.print_number      kservice.o
    0x0800187c   0x0800187c   0x0000003c   Code   RO         3117    i.rt_application_init  components.o
    0x080018b8   0x080018b8   0x0000001c   Code   RO         3118    i.rt_components_board_init  components.o
    0x080018d4   0x080018d4   0x0000001c   Code   RO         3119    i.rt_components_init  components.o
    0x080018f0   0x080018f0   0x0000001c   Code   RO         3522    i.rt_enter_critical  scheduler.o
    0x0800190c   0x0800190c   0x00000038   Code   RO         3523    i.rt_exit_critical  scheduler.o
    0x08001944   0x08001944   0x00000040   Code   RO         3056    i.rt_hw_board_init  board.o
    0x08001984   0x08001984   0x00000002   Code   RO         3310    i.rt_hw_console_output  kservice.o
    0x08001986   0x08001986   0x00000002   PAD
    0x08001988   0x08001988   0x00000210   Code   RO         3769    i.rt_hw_hard_fault_exception  cpuport.o
    0x08001b98   0x08001b98   0x0000003c   Code   RO         3770    i.rt_hw_stack_init  cpuport.o
    0x08001bd4   0x08001bd4   0x0000001c   Code   RO         3279    i.rt_interrupt_enter  irq.o
    0x08001bf0   0x08001bf0   0x0000001c   Code   RO         3281    i.rt_interrupt_leave  irq.o
    0x08001c0c   0x08001c0c   0x00000020   Code   RO         3311    i.rt_kprintf        kservice.o
    0x08001c2c   0x08001c2c   0x0000000e   Code   RO         3584    i.rt_list_insert_after  thread.o
    0x08001c3a   0x08001c3a   0x0000000e   Code   RO         3692    i.rt_list_insert_after  timer.o
    0x08001c48   0x08001c48   0x00000012   Code   RO         3585    i.rt_list_remove    thread.o
    0x08001c5a   0x08001c5a   0x00000002   PAD
    0x08001c5c   0x08001c5c   0x00000046   Code   RO         3316    i.rt_memset         kservice.o
    0x08001ca2   0x08001ca2   0x00000024   Code   RO         3468    i.rt_object_detach  object.o
    0x08001cc6   0x08001cc6   0x00000002   PAD
    0x08001cc8   0x08001cc8   0x00000024   Code   RO         3470    i.rt_object_get_information  object.o
    0x08001cec   0x08001cec   0x00000052   Code   RO         3472    i.rt_object_init    object.o
    0x08001d3e   0x08001d3e   0x0000000e   Code   RO         3473    i.rt_object_is_systemobject  object.o
    0x08001d4c   0x08001d4c   0x00000058   Code   RO         3524    i.rt_schedule       scheduler.o
    0x08001da4   0x08001da4   0x00000050   Code   RO         3525    i.rt_schedule_insert_thread  scheduler.o
    0x08001df4   0x08001df4   0x00000048   Code   RO         3526    i.rt_schedule_remove_thread  scheduler.o
    0x08001e3c   0x08001e3c   0x000000b0   Code   RO         3318    i.rt_show_version   kservice.o
    0x08001eec   0x08001eec   0x00000010   Code   RO         3323    i.rt_strlen         kservice.o
    0x08001efc   0x08001efc   0x00000026   Code   RO         3325    i.rt_strncpy        kservice.o
    0x08001f22   0x08001f22   0x00000002   PAD
    0x08001f24   0x08001f24   0x00000034   Code   RO         3527    i.rt_system_scheduler_init  scheduler.o
    0x08001f58   0x08001f58   0x00000028   Code   RO         3528    i.rt_system_scheduler_start  scheduler.o
    0x08001f80   0x08001f80   0x0000000c   Code   RO         3693    i.rt_system_timer_init  timer.o
    0x08001f8c   0x08001f8c   0x00000002   Code   RO         3694    i.rt_system_timer_thread_init  timer.o
    0x08001f8e   0x08001f8e   0x00000002   PAD
    0x08001f90   0x08001f90   0x00000058   Code   RO         3589    i.rt_thread_exit    thread.o
    0x08001fe8   0x08001fe8   0x00000006   Code   RO         3185    i.rt_thread_idle_entry  idle.o
    0x08001fee   0x08001fee   0x00000002   PAD
    0x08001ff0   0x08001ff0   0x0000006c   Code   RO         3186    i.rt_thread_idle_excute  idle.o
    0x0800205c   0x0800205c   0x00000038   Code   RO         3188    i.rt_thread_idle_init  idle.o
    0x08002094   0x08002094   0x00000030   Code   RO         3591    i.rt_thread_init    thread.o
    0x080020c4   0x080020c4   0x0000000e   Code   RO         3592    i.rt_thread_mdelay  thread.o
    0x080020d2   0x080020d2   0x0000003c   Code   RO         3593    i.rt_thread_resume  thread.o
    0x0800210e   0x0800210e   0x00000002   PAD
    0x08002110   0x08002110   0x0000000c   Code   RO         3594    i.rt_thread_self    thread.o
    0x0800211c   0x0800211c   0x00000040   Code   RO         3595    i.rt_thread_sleep   thread.o
    0x0800215c   0x0800215c   0x0000002c   Code   RO         3596    i.rt_thread_startup  thread.o
    0x08002188   0x08002188   0x00000042   Code   RO         3597    i.rt_thread_suspend  thread.o
    0x080021ca   0x080021ca   0x00000020   Code   RO         3598    i.rt_thread_timeout  thread.o
    0x080021ea   0x080021ea   0x00000002   PAD
    0x080021ec   0x080021ec   0x00000060   Code   RO         3599    i.rt_thread_yield   thread.o
    0x0800224c   0x0800224c   0x00000032   Code   RO         3078    i.rt_tick_from_millisecond  clock.o
    0x0800227e   0x0800227e   0x00000002   PAD
    0x08002280   0x08002280   0x0000000c   Code   RO         3079    i.rt_tick_get       clock.o
    0x0800228c   0x0800228c   0x0000002c   Code   RO         3080    i.rt_tick_increase  clock.o
    0x080022b8   0x080022b8   0x00000068   Code   RO         3695    i.rt_timer_check    timer.o
    0x08002320   0x08002320   0x00000030   Code   RO         3696    i.rt_timer_control  timer.o
    0x08002350   0x08002350   0x00000020   Code   RO         3697    i.rt_timer_detach   timer.o
    0x08002370   0x08002370   0x00000030   Code   RO         3698    i.rt_timer_init     timer.o
    0x080023a0   0x080023a0   0x0000008c   Code   RO         3700    i.rt_timer_start    timer.o
    0x0800242c   0x0800242c   0x0000002e   Code   RO         3701    i.rt_timer_stop     timer.o
    0x0800245a   0x0800245a   0x00000002   PAD
    0x0800245c   0x0800245c   0x0000027c   Code   RO         3328    i.rt_vsnprintf      kservice.o
    0x080026d8   0x080026d8   0x00000004   Code   RO         3120    i.rti_board_end     components.o
    0x080026dc   0x080026dc   0x00000004   Code   RO         3121    i.rti_board_start   components.o
    0x080026e0   0x080026e0   0x00000004   Code   RO         3122    i.rti_end           components.o
    0x080026e4   0x080026e4   0x00000004   Code   RO         3123    i.rti_start         components.o
    0x080026e8   0x080026e8   0x0000002a   Code   RO         3124    i.rtthread_startup  components.o
    0x08002712   0x08002712   0x00000028   Code   RO         3330    i.skip_atoi         kservice.o
    0x0800273a   0x0800273a   0x00000002   PAD
    0x0800273c   0x0800273c   0x000000f4   Code   RO           19    i.uart_thread_entry  main.o
    0x08002830   0x08002830   0x00000010   Data   RO         2913    .constdata          system_stm32f4xx.o
    0x08002840   0x08002840   0x00000008   Data   RO         2914    .constdata          system_stm32f4xx.o
    0x08002848   0x08002848   0x00000818   Data   RO         2962    .constdata          oled_i2c.o
    0x08003060   0x08003060   0x00000122   Data   RO         3332    .constdata          kservice.o
    0x08003182   0x08003182   0x00000002   PAD
    0x08003184   0x08003184   0x00000004   Data   RO         3126    .rti_fn.0           components.o
    0x08003188   0x08003188   0x00000004   Data   RO         3127    .rti_fn.0.end       components.o
    0x0800318c   0x0800318c   0x00000004   Data   RO         3128    .rti_fn.1.end       components.o
    0x08003190   0x08003190   0x00000004   Data   RO         3129    .rti_fn.6.end       components.o
    0x08003194   0x08003194   0x00000020   Data   RO         4118    Region$$Table       anon$$obj.o


    Execution Region RW_IRAM2 (Exec base: 0x10000000, Load base: 0x08003230, Size: 0x00000000, Max: 0x00010000, ABSOLUTE)

    **** No section assigned to this execution region ****


    Execution Region RW_IRAM1 (Exec base: 0x20000000, Load base: 0x080031b4, Size: 0x00001168, Max: 0x00020000, ABSOLUTE)

    Exec Addr    Load Addr    Size         Type   Attr      Idx    E Section Name        Object

    0x20000000   0x080031b4   0x0000000c   Data   RW         2680    .data               stm32f4xx_hal.o
    0x2000000c   0x080031c0   0x00000004   Data   RW         2915    .data               system_stm32f4xx.o
    0x20000010   0x080031c4   0x00000004   Data   RW         3082    .data               clock.o
    0x20000014   0x080031c8   0x00000001   Data   RW         3282    .data               irq.o
    0x20000015   0x080031c9   0x00000003   PAD
    0x20000018   0x080031cc   0x00000030   Data   RW         3475    .data               object.o
    0x20000048   0x080031fc   0x00000014   Data   RW         3530    .data               scheduler.o
    0x2000005c   0x08003210   0x0000000c   Data   RW         3702    .data               timer.o
    0x20000068   0x0800321c   0x00000004   Data   RW         3771    .data               cpuport.o
    0x2000006c   0x08003220   0x00000004   Data   RW         3772    .data               cpuport.o
    0x20000070   0x08003224   0x00000004   Data   RW         3773    .data               cpuport.o
    0x20000074   0x08003228   0x00000004   Data   RW         3774    .data               cpuport.o
    0x20000078   0x0800322c   0x00000004   Data   RW         4094    .data               mc_w.l(stdout.o)
    0x2000007c        -       0x00000568   Zero   RW           20    .bss                main.o
    0x200005e4        -       0x00000054   Zero   RW          251    .bss                i2c.o
    0x20000638        -       0x00000040   Zero   RW          354    .bss                usart.o
    0x20000678        -       0x00000478   Zero   RW         3125    .bss                components.o
    0x20000af0        -       0x000000f8   Zero   RW         3189    .bss                idle.o
    0x20000be8        -       0x00000080   Zero   RW         3331    .bss                kservice.o
    0x20000c68        -       0x00000100   Zero   RW         3529    .bss                scheduler.o
    0x20000d68        -       0x00000400   Zero   RW            1    STACK               startup_stm32f407xx.o


==============================================================================

Image component sizes


      Code (inc. data)   RO Data    RW Data    ZI Data      Debug   Object Name

        82         10          0          0          0       1963   board.o
       106         12          0          4          0       1988   clock.o
       198         32         16          0       1144       6512   components.o
       308         26          0          0          0        868   context_rvds.o
       588        344          0         16          0       4250   cpuport.o
       160         10          0          0          0        987   gpio.o
       172         28          0          0         84       1617   i2c.o
       190         26          0          0        248       5814   idle.o
        56         12          0          1          0       1738   irq.o
      1382        158        290          0        128      11259   kservice.o
       630        182          0          0       1384     672145   main.o
       168          6          0         48          0       6472   object.o
       566         20       2072          0          0       5092   oled_i2c.o
       416         56          0         20        256       8582   scheduler.o
        36          8        392          0       1024        828   startup_stm32f407xx.o
        12          6          0         12          0       6957   stm32f4xx_hal.o
       450         46          0          0          0       2380   stm32f4xx_hal_gpio.o
      1316         32          0          0          0       9307   stm32f4xx_hal_i2c.o
        64         24          0          0          0       1844   stm32f4xx_hal_rcc.o
       680         10          0          0          0       4084   stm32f4xx_hal_uart.o
        12          0          0          0          0       2687   stm32f4xx_it.o
       148         22         24          4          0       1835   system_stm32f4xx.o
       684         44          0          0          0      11746   thread.o
       464         14          0         12          0      10220   timer.o
       188         26          0          0         64       3382   usart.o

    ----------------------------------------------------------------------
      9110       1154       2828        120       4332     784557   Object Totals
         0          0         32          0          0          0   (incl. Generated)
        34          0          2          3          0          0   (incl. Padding)

    ----------------------------------------------------------------------

      Code (inc. data)   RO Data    RW Data    ZI Data      Debug   Library Member Name

         0          0          0          0          0          0   entry.o
         0          0          0          0          0          0   entry10a.o
         0          0          0          0          0          0   entry11a.o
         8          4          0          0          0          0   entry2.o
         4          0          0          0          0          0   entry5.o
         0          0          0          0          0          0   entry7b.o
         0          0          0          0          0          0   entry8b.o
         8          4          0          0          0          0   entry9a.o
        30          0          0          0          0          0   handlers.o
        36          8          0          0          0         68   init.o
        30          0          0          0          0         68   llshl.o
        32          0          0          0          0         68   llushr.o
        36          0          0          0          0         68   memcpya.o
        36          0          0          0          0        108   memseta.o
       422         20          0          0          0        336   printf1.o
         0          0          0          4          0          0   stdout.o
        44          0          0          0          0         80   uidiv.o
        98          0          0          0          0         92   uldiv.o

    ----------------------------------------------------------------------
       786         36          0          4          0        888   Library Totals
         2          0          0          0          0          0   (incl. Padding)

    ----------------------------------------------------------------------

      Code (inc. data)   RO Data    RW Data    ZI Data      Debug   Library Name

       784         36          0          4          0        888   mc_w.l

    ----------------------------------------------------------------------
       786         36          0          4          0        888   Library Totals

    ----------------------------------------------------------------------

==============================================================================


      Code (inc. data)   RO Data    RW Data    ZI Data      Debug   

      9896       1190       2828        124       4332     774733   Grand Totals
      9896       1190       2828        124       4332     774733   ELF Image Totals
      9896       1190       2828        124          0          0   ROM Totals

==============================================================================

    Total RO  Size (Code + RO Data)                12724 (  12.43kB)
    Total RW  Size (RW Data + ZI Data)              4456 (   4.35kB)
    Total ROM Size (Code + RO Data + RW Data)      12848 (  12.55kB)

==============================================================================

